UserWarning: Using SDL2 binaries from pysdl2-dll 2.32.10
Loaded layouts
QUALIFICATION CASE fresh-house-00
QUALIFICATION CASE fresh-house-01
QUALIFICATION CASE fresh-house-02
QUALIFICATION CASE fresh-house-03
{"id": "fresh-house-00", "kind": "house", "passed": true, "error": null, "binding_unchanged": true, "summary": "runs/house-door-teacher-qualification-v13/fresh-house-00/summary.json", "summary_sha256": "6dbe332d8246f6236fd2589e1166719388e7b17438b0add8efb116b74c37258e"}
{"id": "fresh-house-01", "kind": "house", "passed": true, "error": null, "binding_unchanged": true, "summary": "runs/house-door-teacher-qualification-v13/fresh-house-01/summary.json", "summary_sha256": "17188b8f982b35d21f8892c2c456500cd34f84d2914fbf1d91c7a92f79065d7e"}
{"id": "fresh-house-02", "kind": "house", "passed": true, "error": null, "binding_unchanged": true, "summary": "runs/house-door-teacher-qualification-v13/fresh-house-02/summary.json", "summary_sha256": "7656e7c1bb089c02ca704ed878534134d00cafc89d40634611762db2d5512b9d"}
{"id": "fresh-house-03", "kind": "house", "passed": true, "error": null, "binding_unchanged": true, "summary": "runs/house-door-teacher-qualification-v13/fresh-house-03/summary.json", "summary_sha256": "578d14e58ac2e0c5bf099405fa9bc074c0cd0d6ed167f40cc09613aedd22f586"}
QUALIFICATION CASE fresh-house-04
QUALIFICATION CASE fresh-house-05
QUALIFICATION CASE fresh-house-06
QUALIFICATION CASE fresh-house-07
{"id": "fresh-house-04", "kind": "house", "passed": true, "error": null, "binding_unchanged": true, "summary": "runs/house-door-teacher-qualification-v13/fresh-house-04/summary.json", "summary_sha256": "8a44643627ea506a3c366b16001c1930332acbfb4207c1a23914cd589d9a4e76"}
{"id": "fresh-house-05", "kind": "house", "passed": true, "error": null, "binding_unchanged": true, "summary": "runs/house-door-teacher-qualification-v13/fresh-house-05/summary.json", "summary_sha256": "c185fad3d698aa9fb0eacf494ddc363056b6f583f6e80b6fd8f47e11f25d87d9"}
{"id": "fresh-house-06", "kind": "house", "passed": true, "error": null, "binding_unchanged": true, "summary": "runs/house-door-teacher-qualification-v13/fresh-house-06/summary.json", "summary_sha256": "de8af0a344700c3d93cd30b10d43c691774b4e473e9386848038d88f01e5f72e"}
{"id": "fresh-house-07", "kind": "house", "passed": true, "error": null, "binding_unchanged": true, "summary": "runs/house-door-teacher-qualification-v13/fresh-house-07/summary.json", "summary_sha256": "c58cfb279f825168e2adc390dc1989a548c4aa970b32548a953d0b49c1fc2625"}
QUALIFICATION CASE fresh-house-08
QUALIFICATION CASE fresh-house-09
QUALIFICATION CASE fresh-house-10
QUALIFICATION CASE fresh-house-11
{"id": "fresh-house-08", "kind": "house", "passed": true, "error": null, "binding_unchanged": true, "summary": "runs/house-door-teacher-qualification-v13/fresh-house-08/summary.json", "summary_sha256": "5cc0dbdad32fad9897d2b91516be772e74d872cdaeafa275bc9428dd91692563"}
{"id": "fresh-house-09", "kind": "house", "passed": true, "error": null, "binding_unchanged": true, "summary": "runs/house-door-teacher-qualification-v13/fresh-house-09/summary.json", "summary_sha256": "96d60578af10c8645ed74db8e8abde120807da1cb820156ef90f8bf778e77417"}
{"id": "fresh-house-10", "kind": "house", "passed": true, "error": null, "binding_unchanged": true, "summary": "runs/house-door-teacher-qualification-v13/fresh-house-10/summary.json", "summary_sha256": "1765d202fcc19fdd805ecf0b17a01e0d6b2beb0220e7305a9493e5bd3808ed7a"}
{"id": "fresh-house-11", "kind": "house", "passed": false, "error": "RouteBlocker: Damage is still being applied; not a safe route state", "binding_unchanged": true, "summary": "runs/house-door-teacher-qualification-v13/fresh-house-11/summary.json", "summary_sha256": "f662ccefd1d264877d566e4c3972a9cd325478be2c02cd5e5e838bf50a8673dc"}
{"schema": "house-door-teacher-qualification-result-v1", "status": "rejected", "qualified": false, "candidate_binding_sha256": "4c181bc0a468ddb55d43011070fe516f6128b9a4c6ae1e19e1850f2949560ea1", "panel_sha256": "f224acd2aeb6fe4661d7b5cf57de0cb9e8993b2e57a16e331928dda701f38c01", "cases": [{"id": "fresh-house-00", "kind": "house", "passed": true, "error": null, "binding_unchanged": true, "summary": "runs/house-door-teacher-qualification-v13/fresh-house-00/summary.json", "summary_sha256": "6dbe332d8246f6236fd2589e1166719388e7b17438b0add8efb116b74c37258e"}, {"id": "fresh-house-01", "kind": "house", "passed": true, "error": null, "binding_unchanged": true, "summary": "runs/house-door-teacher-qualification-v13/fresh-house-01/summary.json", "summary_sha256": "17188b8f982b35d21f8892c2c456500cd34f84d2914fbf1d91c7a92f79065d7e"}, {"id": "fresh-house-02", "kind": "house", "passed": true, "error": null, "binding_unchanged": true, "summary": "runs/house-door-teacher-qualification-v13/fresh-house-02/summary.json", "summary_sha256": "7656e7c1bb089c02ca704ed878534134d00cafc89d40634611762db2d5512b9d"}, {"id": "fresh-house-03", "kind": "house", "passed": true, "error": null, "binding_unchanged": true, "summary": "runs/house-door-teacher-qualification-v13/fresh-house-03/summary.json", "summary_sha256": "578d14e58ac2e0c5bf099405fa9bc074c0cd0d6ed167f40cc09613aedd22f586"}, {"id": "fresh-house-04", "kind": "house", "passed": true, "error": null, "binding_unchanged": true, "summary": "runs/house-door-teacher-qualification-v13/fresh-house-04/summary.json", "summary_sha256": "8a44643627ea506a3c366b16001c1930332acbfb4207c1a23914cd589d9a4e76"}, {"id": "fresh-house-05", "kind": "house", "passed": true, "error": null, "binding_unchanged": true, "summary": "runs/house-door-teacher-qualification-v13/fresh-house-05/summary.json", "summary_sha256": "c185fad3d698aa9fb0eacf494ddc363056b6f583f6e80b6fd8f47e11f25d87d9"}, {"id": "fresh-house-06", "kind": "house", "passed": true, "error": null, "binding_unchanged": true, "summary": "runs/house-door-teacher-qualification-v13/fresh-house-06/summary.json", "summary_sha256": "de8af0a344700c3d93cd30b10d43c691774b4e473e9386848038d88f01e5f72e"}, {"id": "fresh-house-07", "kind": "house", "passed": true, "error": null, "binding_unchanged": true, "summary": "runs/house-door-teacher-qualification-v13/fresh-house-07/summary.json", "summary_sha256": "c58cfb279f825168e2adc390dc1989a548c4aa970b32548a953d0b49c1fc2625"}, {"id": "fresh-house-08", "kind": "house", "passed": true, "error": null, "binding_unchanged": true, "summary": "runs/house-door-teacher-qualification-v13/fresh-house-08/summary.json", "summary_sha256": "5cc0dbdad32fad9897d2b91516be772e74d872cdaeafa275bc9428dd91692563"}, {"id": "fresh-house-09", "kind": "house", "passed": true, "error": null, "binding_unchanged": true, "summary": "runs/house-door-teacher-qualification-v13/fresh-house-09/summary.json", "summary_sha256": "96d60578af10c8645ed74db8e8abde120807da1cb820156ef90f8bf778e77417"}, {"id": "fresh-house-10", "kind": "house", "passed": true, "error": null, "binding_unchanged": true, "summary": "runs/house-door-teacher-qualification-v13/fresh-house-10/summary.json", "summary_sha256": "1765d202fcc19fdd805ecf0b17a01e0d6b2beb0220e7305a9493e5bd3808ed7a"}, {"id": "fresh-house-11", "kind": "house", "passed": false, "error": "RouteBlocker: Damage is still being applied; not a safe route state", "binding_unchanged": true, "summary": "runs/house-door-teacher-qualification-v13/fresh-house-11/summary.json", "summary_sha256": "f662ccefd1d264877d566e4c3972a9cd325478be2c02cd5e5e838bf50a8673dc"}], "house_passed": 11, "recovery_passed": 0, "training_eligible": false, "labels_generated": 0, "not_run": ["fresh-house-12", "fresh-house-13", "fresh-house-14", "fresh-house-15", "fresh-house-16", "fresh-house-17", "fresh-house-18", "fresh-house-19", "actual-half-heart-00", "actual-half-heart-01", "actual-half-heart-02", "actual-half-heart-03"]}
