UserWarning: Using SDL2 binaries from pysdl2-dll 2.32.10
Loaded layouts
QUALIFICATION CASE fresh-house-00
QUALIFICATION CASE fresh-house-01
QUALIFICATION CASE fresh-house-02
QUALIFICATION CASE fresh-house-03
{"id": "fresh-house-00", "kind": "house", "passed": true, "error": null, "binding_unchanged": true, "summary": "runs/house-door-teacher-qualification-v18/fresh-house-00/summary.json", "summary_sha256": "53ed4fd0a4ed16e245071e6739ea0577a7c40eed9d1a84a2f31e4898f2b99fd5"}
{"id": "fresh-house-01", "kind": "house", "passed": true, "error": null, "binding_unchanged": true, "summary": "runs/house-door-teacher-qualification-v18/fresh-house-01/summary.json", "summary_sha256": "067d3d8c4ca42bd74712264d61a929e7fa1069aeeb222c81e58de56eaa62a1d3"}
{"id": "fresh-house-02", "kind": "house", "passed": true, "error": null, "binding_unchanged": true, "summary": "runs/house-door-teacher-qualification-v18/fresh-house-02/summary.json", "summary_sha256": "251d487c54c83d2aac98b9ec2a9a1ce14a8766b502a06b6bfcd168ba1427fb74"}
{"id": "fresh-house-03", "kind": "house", "passed": true, "error": null, "binding_unchanged": true, "summary": "runs/house-door-teacher-qualification-v18/fresh-house-03/summary.json", "summary_sha256": "de5385bd12cf7ed75c19c83ceb145532e2e04da1339f3e37adc9227cc132878a"}
QUALIFICATION CASE fresh-house-04
QUALIFICATION CASE fresh-house-05
QUALIFICATION CASE fresh-house-06
QUALIFICATION CASE fresh-house-07
{"id": "fresh-house-04", "kind": "house", "passed": true, "error": null, "binding_unchanged": true, "summary": "runs/house-door-teacher-qualification-v18/fresh-house-04/summary.json", "summary_sha256": "d8a5bc298c2e875ddc1d26c5de6cfd4610dc3020e8289d8ec76e35e00e769c48"}
{"id": "fresh-house-05", "kind": "house", "passed": true, "error": null, "binding_unchanged": true, "summary": "runs/house-door-teacher-qualification-v18/fresh-house-05/summary.json", "summary_sha256": "efd58b8ca4a8ae0b4dd1571339b12c474f32283076cee22130cbb7585172b7d6"}
{"id": "fresh-house-06", "kind": "house", "passed": true, "error": null, "binding_unchanged": true, "summary": "runs/house-door-teacher-qualification-v18/fresh-house-06/summary.json", "summary_sha256": "628de7d2f6901a67309dedfbf1c49011fad3ab5b7ae30df6cf50a14fba4d7666"}
{"id": "fresh-house-07", "kind": "house", "passed": true, "error": null, "binding_unchanged": true, "summary": "runs/house-door-teacher-qualification-v18/fresh-house-07/summary.json", "summary_sha256": "224275a55a51d4c2d199a9020dd453261fa78b26cf5550c27ed07dc29e80447f"}
QUALIFICATION CASE fresh-house-08
QUALIFICATION CASE fresh-house-09
QUALIFICATION CASE fresh-house-10
QUALIFICATION CASE fresh-house-11
{"id": "fresh-house-08", "kind": "house", "passed": true, "error": null, "binding_unchanged": true, "summary": "runs/house-door-teacher-qualification-v18/fresh-house-08/summary.json", "summary_sha256": "859f3a2f8908cfa1a3ad2c06d5f54230b41289eb36fc20f8cf782a0d1139f8b6"}
{"id": "fresh-house-09", "kind": "house", "passed": true, "error": null, "binding_unchanged": true, "summary": "runs/house-door-teacher-qualification-v18/fresh-house-09/summary.json", "summary_sha256": "e7fa8d448fa2a2321a2d3f4d78b62b2e1f3d06dec49377c77f61bfc18094654b"}
{"id": "fresh-house-10", "kind": "house", "passed": true, "error": null, "binding_unchanged": true, "summary": "runs/house-door-teacher-qualification-v18/fresh-house-10/summary.json", "summary_sha256": "d3eec2b2d5fa53946d3e9e7788a8880ac0cf2847f6397860c3a81484091b7eff"}
{"id": "fresh-house-11", "kind": "house", "passed": true, "error": null, "binding_unchanged": true, "summary": "runs/house-door-teacher-qualification-v18/fresh-house-11/summary.json", "summary_sha256": "871c8909ef19b5338388ac1839845c4e88118f23b9299e9ffcd0c68c218e29c6"}
QUALIFICATION CASE fresh-house-12
QUALIFICATION CASE fresh-house-13
QUALIFICATION CASE fresh-house-14
QUALIFICATION CASE fresh-house-15
{"id": "fresh-house-12", "kind": "house", "passed": true, "error": null, "binding_unchanged": true, "summary": "runs/house-door-teacher-qualification-v18/fresh-house-12/summary.json", "summary_sha256": "7a3bba5ba14315859dc87a7827e72316b654900a36cd8642f3c0c3c1fdf9b284"}
{"id": "fresh-house-13", "kind": "house", "passed": true, "error": null, "binding_unchanged": true, "summary": "runs/house-door-teacher-qualification-v18/fresh-house-13/summary.json", "summary_sha256": "69fdec83aebaae152e395029658f0668295572a0e61bfd1cfd24e13d8ad8301d"}
{"id": "fresh-house-14", "kind": "house", "passed": true, "error": null, "binding_unchanged": true, "summary": "runs/house-door-teacher-qualification-v18/fresh-house-14/summary.json", "summary_sha256": "5f5bd1771cab5eaa3b17b679fd665a7bb7293ed70a2ad52ef1624063d041d7da"}
{"id": "fresh-house-15", "kind": "house", "passed": true, "error": null, "binding_unchanged": true, "summary": "runs/house-door-teacher-qualification-v18/fresh-house-15/summary.json", "summary_sha256": "f2a2f09df45b79fb6d3c4147ada89d385c2e4d3cbd271c5930c5f17c5f76be4c"}
QUALIFICATION CASE fresh-house-16
QUALIFICATION CASE fresh-house-17
QUALIFICATION CASE fresh-house-18
QUALIFICATION CASE fresh-house-19
{"id": "fresh-house-16", "kind": "house", "passed": false, "error": "RuntimeError: Learned downstream recovery budget exhausted", "binding_unchanged": true, "summary": "runs/house-door-teacher-qualification-v18/fresh-house-16/summary.json", "summary_sha256": "943fb99427c170f794a8373192410b049e5b2718218ea3bf577dd7d00fd4b8a3"}
{"id": "fresh-house-17", "kind": "house", "passed": false, "error": "RouteBlocker: Item route buffered damage or falling", "binding_unchanged": true, "summary": "runs/house-door-teacher-qualification-v18/fresh-house-17/summary.json", "summary_sha256": "241a8c70b0ebf2fde8110b683685d954ad53a19c4498b7ae81f6e2f45ada0996"}
{"id": "fresh-house-18", "kind": "house", "passed": true, "error": null, "binding_unchanged": true, "summary": "runs/house-door-teacher-qualification-v18/fresh-house-18/summary.json", "summary_sha256": "ba7c8aedfaf6f35dfe7371ff35c64e214a009c6048c2a441e5f5382b0dd6e68a"}
{"id": "fresh-house-19", "kind": "house", "passed": false, "error": "RuntimeError: Crumbling-floor route failed: (1, 10, 189, 75, 15, 0)", "binding_unchanged": true, "summary": "runs/house-door-teacher-qualification-v18/fresh-house-19/summary.json", "summary_sha256": "b1f657e0ebfe1bd62b1e3bdcbfc081a28d2ccfb75a6890a72bad79d567867227"}
{"schema": "house-door-teacher-qualification-result-v1", "status": "rejected", "qualified": false, "candidate_binding_sha256": "593f35f7f1ef44b57904a25be6df9d9b1e9ff6cc78f3f68654c2ba97393ddeee", "panel_sha256": "f224acd2aeb6fe4661d7b5cf57de0cb9e8993b2e57a16e331928dda701f38c01", "cases": [{"id": "fresh-house-00", "kind": "house", "passed": true, "error": null, "binding_unchanged": true, "summary": "runs/house-door-teacher-qualification-v18/fresh-house-00/summary.json", "summary_sha256": "53ed4fd0a4ed16e245071e6739ea0577a7c40eed9d1a84a2f31e4898f2b99fd5"}, {"id": "fresh-house-01", "kind": "house", "passed": true, "error": null, "binding_unchanged": true, "summary": "runs/house-door-teacher-qualification-v18/fresh-house-01/summary.json", "summary_sha256": "067d3d8c4ca42bd74712264d61a929e7fa1069aeeb222c81e58de56eaa62a1d3"}, {"id": "fresh-house-02", "kind": "house", "passed": true, "error": null, "binding_unchanged": true, "summary": "runs/house-door-teacher-qualification-v18/fresh-house-02/summary.json", "summary_sha256": "251d487c54c83d2aac98b9ec2a9a1ce14a8766b502a06b6bfcd168ba1427fb74"}, {"id": "fresh-house-03", "kind": "house", "passed": true, "error": null, "binding_unchanged": true, "summary": "runs/house-door-teacher-qualification-v18/fresh-house-03/summary.json", "summary_sha256": "de5385bd12cf7ed75c19c83ceb145532e2e04da1339f3e37adc9227cc132878a"}, {"id": "fresh-house-04", "kind": "house", "passed": true, "error": null, "binding_unchanged": true, "summary": "runs/house-door-teacher-qualification-v18/fresh-house-04/summary.json", "summary_sha256": "d8a5bc298c2e875ddc1d26c5de6cfd4610dc3020e8289d8ec76e35e00e769c48"}, {"id": "fresh-house-05", "kind": "house", "passed": true, "error": null, "binding_unchanged": true, "summary": "runs/house-door-teacher-qualification-v18/fresh-house-05/summary.json", "summary_sha256": "efd58b8ca4a8ae0b4dd1571339b12c474f32283076cee22130cbb7585172b7d6"}, {"id": "fresh-house-06", "kind": "house", "passed": true, "error": null, "binding_unchanged": true, "summary": "runs/house-door-teacher-qualification-v18/fresh-house-06/summary.json", "summary_sha256": "628de7d2f6901a67309dedfbf1c49011fad3ab5b7ae30df6cf50a14fba4d7666"}, {"id": "fresh-house-07", "kind": "house", "passed": true, "error": null, "binding_unchanged": true, "summary": "runs/house-door-teacher-qualification-v18/fresh-house-07/summary.json", "summary_sha256": "224275a55a51d4c2d199a9020dd453261fa78b26cf5550c27ed07dc29e80447f"}, {"id": "fresh-house-08", "kind": "house", "passed": true, "error": null, "binding_unchanged": true, "summary": "runs/house-door-teacher-qualification-v18/fresh-house-08/summary.json", "summary_sha256": "859f3a2f8908cfa1a3ad2c06d5f54230b41289eb36fc20f8cf782a0d1139f8b6"}, {"id": "fresh-house-09", "kind": "house", "passed": true, "error": null, "binding_unchanged": true, "summary": "runs/house-door-teacher-qualification-v18/fresh-house-09/summary.json", "summary_sha256": "e7fa8d448fa2a2321a2d3f4d78b62b2e1f3d06dec49377c77f61bfc18094654b"}, {"id": "fresh-house-10", "kind": "house", "passed": true, "error": null, "binding_unchanged": true, "summary": "runs/house-door-teacher-qualification-v18/fresh-house-10/summary.json", "summary_sha256": "d3eec2b2d5fa53946d3e9e7788a8880ac0cf2847f6397860c3a81484091b7eff"}, {"id": "fresh-house-11", "kind": "house", "passed": true, "error": null, "binding_unchanged": true, "summary": "runs/house-door-teacher-qualification-v18/fresh-house-11/summary.json", "summary_sha256": "871c8909ef19b5338388ac1839845c4e88118f23b9299e9ffcd0c68c218e29c6"}, {"id": "fresh-house-12", "kind": "house", "passed": true, "error": null, "binding_unchanged": true, "summary": "runs/house-door-teacher-qualification-v18/fresh-house-12/summary.json", "summary_sha256": "7a3bba5ba14315859dc87a7827e72316b654900a36cd8642f3c0c3c1fdf9b284"}, {"id": "fresh-house-13", "kind": "house", "passed": true, "error": null, "binding_unchanged": true, "summary": "runs/house-door-teacher-qualification-v18/fresh-house-13/summary.json", "summary_sha256": "69fdec83aebaae152e395029658f0668295572a0e61bfd1cfd24e13d8ad8301d"}, {"id": "fresh-house-14", "kind": "house", "passed": true, "error": null, "binding_unchanged": true, "summary": "runs/house-door-teacher-qualification-v18/fresh-house-14/summary.json", "summary_sha256": "5f5bd1771cab5eaa3b17b679fd665a7bb7293ed70a2ad52ef1624063d041d7da"}, {"id": "fresh-house-15", "kind": "house", "passed": true, "error": null, "binding_unchanged": true, "summary": "runs/house-door-teacher-qualification-v18/fresh-house-15/summary.json", "summary_sha256": "f2a2f09df45b79fb6d3c4147ada89d385c2e4d3cbd271c5930c5f17c5f76be4c"}, {"id": "fresh-house-16", "kind": "house", "passed": false, "error": "RuntimeError: Learned downstream recovery budget exhausted", "binding_unchanged": true, "summary": "runs/house-door-teacher-qualification-v18/fresh-house-16/summary.json", "summary_sha256": "943fb99427c170f794a8373192410b049e5b2718218ea3bf577dd7d00fd4b8a3"}, {"id": "fresh-house-17", "kind": "house", "passed": false, "error": "RouteBlocker: Item route buffered damage or falling", "binding_unchanged": true, "summary": "runs/house-door-teacher-qualification-v18/fresh-house-17/summary.json", "summary_sha256": "241a8c70b0ebf2fde8110b683685d954ad53a19c4498b7ae81f6e2f45ada0996"}, {"id": "fresh-house-18", "kind": "house", "passed": true, "error": null, "binding_unchanged": true, "summary": "runs/house-door-teacher-qualification-v18/fresh-house-18/summary.json", "summary_sha256": "ba7c8aedfaf6f35dfe7371ff35c64e214a009c6048c2a441e5f5382b0dd6e68a"}, {"id": "fresh-house-19", "kind": "house", "passed": false, "error": "RuntimeError: Crumbling-floor route failed: (1, 10, 189, 75, 15, 0)", "binding_unchanged": true, "summary": "runs/house-door-teacher-qualification-v18/fresh-house-19/summary.json", "summary_sha256": "b1f657e0ebfe1bd62b1e3bdcbfc081a28d2ccfb75a6890a72bad79d567867227"}], "house_passed": 17, "recovery_passed": 0, "training_eligible": false, "labels_generated": 0, "not_run": ["actual-half-heart-00", "actual-half-heart-01", "actual-half-heart-02", "actual-half-heart-03"]}
