UserWarning: Using SDL2 binaries from pysdl2-dll 2.32.10
Loaded layouts
QUALIFICATION CASE fresh-house-00
QUALIFICATION CASE fresh-house-01
QUALIFICATION CASE fresh-house-02
QUALIFICATION CASE fresh-house-03
{"id": "fresh-house-00", "kind": "house", "passed": true, "error": null, "binding_unchanged": true, "summary": "runs/house-door-teacher-qualification-v15/fresh-house-00/summary.json", "summary_sha256": "3da0b9811a797ae2b03715016ebcaf9111d531409045b1b873a67d16f788546c"}
{"id": "fresh-house-01", "kind": "house", "passed": true, "error": null, "binding_unchanged": true, "summary": "runs/house-door-teacher-qualification-v15/fresh-house-01/summary.json", "summary_sha256": "70964646b65bb8b9ec37035efaca01a5e793a1ce5bc6d9d98436c6dfe7a84f1f"}
{"id": "fresh-house-02", "kind": "house", "passed": true, "error": null, "binding_unchanged": true, "summary": "runs/house-door-teacher-qualification-v15/fresh-house-02/summary.json", "summary_sha256": "967f58e446c5dea729fbf2569b306cf13df53c8d1a23788c799f7624ffcf49c9"}
{"id": "fresh-house-03", "kind": "house", "passed": true, "error": null, "binding_unchanged": true, "summary": "runs/house-door-teacher-qualification-v15/fresh-house-03/summary.json", "summary_sha256": "c546d187009cd1f0933828ed2c888bd7d126abc9ecbf3868022312cd8850a559"}
QUALIFICATION CASE fresh-house-04
QUALIFICATION CASE fresh-house-05
QUALIFICATION CASE fresh-house-06
QUALIFICATION CASE fresh-house-07
{"id": "fresh-house-04", "kind": "house", "passed": true, "error": null, "binding_unchanged": true, "summary": "runs/house-door-teacher-qualification-v15/fresh-house-04/summary.json", "summary_sha256": "d8a5bc298c2e875ddc1d26c5de6cfd4610dc3020e8289d8ec76e35e00e769c48"}
{"id": "fresh-house-05", "kind": "house", "passed": true, "error": null, "binding_unchanged": true, "summary": "runs/house-door-teacher-qualification-v15/fresh-house-05/summary.json", "summary_sha256": "7ce014e375753c0eec51e909c99c0ee9b70433fea093493e7dddf852e3a8456c"}
{"id": "fresh-house-06", "kind": "house", "passed": true, "error": null, "binding_unchanged": true, "summary": "runs/house-door-teacher-qualification-v15/fresh-house-06/summary.json", "summary_sha256": "cf9191c1d3ed9c870bf4c8d2183205784686affc74efaa6bb8cfa8e8281b31e4"}
{"id": "fresh-house-07", "kind": "house", "passed": true, "error": null, "binding_unchanged": true, "summary": "runs/house-door-teacher-qualification-v15/fresh-house-07/summary.json", "summary_sha256": "0fb7d56ee1e525c5df7ad81250ca537220c855ca6683b1ecadb665b25fa4e5b8"}
QUALIFICATION CASE fresh-house-08
QUALIFICATION CASE fresh-house-09
QUALIFICATION CASE fresh-house-10
QUALIFICATION CASE fresh-house-11
{"id": "fresh-house-08", "kind": "house", "passed": true, "error": null, "binding_unchanged": true, "summary": "runs/house-door-teacher-qualification-v15/fresh-house-08/summary.json", "summary_sha256": "e88a9139d32b5bf5bf881f50a93103047271678c5a95e7bb28f623522fab3261"}
{"id": "fresh-house-09", "kind": "house", "passed": true, "error": null, "binding_unchanged": true, "summary": "runs/house-door-teacher-qualification-v15/fresh-house-09/summary.json", "summary_sha256": "e7fa8d448fa2a2321a2d3f4d78b62b2e1f3d06dec49377c77f61bfc18094654b"}
{"id": "fresh-house-10", "kind": "house", "passed": true, "error": null, "binding_unchanged": true, "summary": "runs/house-door-teacher-qualification-v15/fresh-house-10/summary.json", "summary_sha256": "4532e473e55236c8387eb93058ee322a0291cdbfc6f1f6958897a13a8c199343"}
{"id": "fresh-house-11", "kind": "house", "passed": true, "error": null, "binding_unchanged": true, "summary": "runs/house-door-teacher-qualification-v15/fresh-house-11/summary.json", "summary_sha256": "0f55490081f792337d2b800ff14edafc167ed677690de7c5bdec3eaff956581f"}
QUALIFICATION CASE fresh-house-12
QUALIFICATION CASE fresh-house-13
QUALIFICATION CASE fresh-house-14
QUALIFICATION CASE fresh-house-15
{"id": "fresh-house-12", "kind": "house", "passed": false, "error": "ValueError: Invalid physical input events or frame duration", "binding_unchanged": true, "summary": "runs/house-door-teacher-qualification-v15/fresh-house-12/summary.json", "summary_sha256": "b37681521acd0092b1f4bd45ee7fa14347eb5acf9cd517adcdbef3f21c10b29e"}
{"id": "fresh-house-13", "kind": "house", "passed": false, "error": "ValueError: Invalid physical input events or frame duration", "binding_unchanged": true, "summary": "runs/house-door-teacher-qualification-v15/fresh-house-13/summary.json", "summary_sha256": "8dd54b5f7912a3fe1f9876d6caa77ce4817d46f92755c60ced20a38d3e4593d2"}
{"id": "fresh-house-14", "kind": "house", "passed": false, "error": "ValueError: Invalid physical input events or frame duration", "binding_unchanged": true, "summary": "runs/house-door-teacher-qualification-v15/fresh-house-14/summary.json", "summary_sha256": "c67372b3c37d45cb5088212273da30b70353c157fd2e2285ba93446a430dae45"}
{"id": "fresh-house-15", "kind": "house", "passed": false, "error": "ValueError: Invalid physical input events or frame duration", "binding_unchanged": true, "summary": "runs/house-door-teacher-qualification-v15/fresh-house-15/summary.json", "summary_sha256": "5e844a879a12a915d1ba9cd4aebcc5748053349b58e23ff09d44e1b8183a6c21"}
{"schema": "house-door-teacher-qualification-result-v1", "status": "rejected", "qualified": false, "candidate_binding_sha256": "d4a819f27df03dcdd9e22e8477a4eebd38254f282fa7677c953037ffe86bee7f", "panel_sha256": "f224acd2aeb6fe4661d7b5cf57de0cb9e8993b2e57a16e331928dda701f38c01", "cases": [{"id": "fresh-house-00", "kind": "house", "passed": true, "error": null, "binding_unchanged": true, "summary": "runs/house-door-teacher-qualification-v15/fresh-house-00/summary.json", "summary_sha256": "3da0b9811a797ae2b03715016ebcaf9111d531409045b1b873a67d16f788546c"}, {"id": "fresh-house-01", "kind": "house", "passed": true, "error": null, "binding_unchanged": true, "summary": "runs/house-door-teacher-qualification-v15/fresh-house-01/summary.json", "summary_sha256": "70964646b65bb8b9ec37035efaca01a5e793a1ce5bc6d9d98436c6dfe7a84f1f"}, {"id": "fresh-house-02", "kind": "house", "passed": true, "error": null, "binding_unchanged": true, "summary": "runs/house-door-teacher-qualification-v15/fresh-house-02/summary.json", "summary_sha256": "967f58e446c5dea729fbf2569b306cf13df53c8d1a23788c799f7624ffcf49c9"}, {"id": "fresh-house-03", "kind": "house", "passed": true, "error": null, "binding_unchanged": true, "summary": "runs/house-door-teacher-qualification-v15/fresh-house-03/summary.json", "summary_sha256": "c546d187009cd1f0933828ed2c888bd7d126abc9ecbf3868022312cd8850a559"}, {"id": "fresh-house-04", "kind": "house", "passed": true, "error": null, "binding_unchanged": true, "summary": "runs/house-door-teacher-qualification-v15/fresh-house-04/summary.json", "summary_sha256": "d8a5bc298c2e875ddc1d26c5de6cfd4610dc3020e8289d8ec76e35e00e769c48"}, {"id": "fresh-house-05", "kind": "house", "passed": true, "error": null, "binding_unchanged": true, "summary": "runs/house-door-teacher-qualification-v15/fresh-house-05/summary.json", "summary_sha256": "7ce014e375753c0eec51e909c99c0ee9b70433fea093493e7dddf852e3a8456c"}, {"id": "fresh-house-06", "kind": "house", "passed": true, "error": null, "binding_unchanged": true, "summary": "runs/house-door-teacher-qualification-v15/fresh-house-06/summary.json", "summary_sha256": "cf9191c1d3ed9c870bf4c8d2183205784686affc74efaa6bb8cfa8e8281b31e4"}, {"id": "fresh-house-07", "kind": "house", "passed": true, "error": null, "binding_unchanged": true, "summary": "runs/house-door-teacher-qualification-v15/fresh-house-07/summary.json", "summary_sha256": "0fb7d56ee1e525c5df7ad81250ca537220c855ca6683b1ecadb665b25fa4e5b8"}, {"id": "fresh-house-08", "kind": "house", "passed": true, "error": null, "binding_unchanged": true, "summary": "runs/house-door-teacher-qualification-v15/fresh-house-08/summary.json", "summary_sha256": "e88a9139d32b5bf5bf881f50a93103047271678c5a95e7bb28f623522fab3261"}, {"id": "fresh-house-09", "kind": "house", "passed": true, "error": null, "binding_unchanged": true, "summary": "runs/house-door-teacher-qualification-v15/fresh-house-09/summary.json", "summary_sha256": "e7fa8d448fa2a2321a2d3f4d78b62b2e1f3d06dec49377c77f61bfc18094654b"}, {"id": "fresh-house-10", "kind": "house", "passed": true, "error": null, "binding_unchanged": true, "summary": "runs/house-door-teacher-qualification-v15/fresh-house-10/summary.json", "summary_sha256": "4532e473e55236c8387eb93058ee322a0291cdbfc6f1f6958897a13a8c199343"}, {"id": "fresh-house-11", "kind": "house", "passed": true, "error": null, "binding_unchanged": true, "summary": "runs/house-door-teacher-qualification-v15/fresh-house-11/summary.json", "summary_sha256": "0f55490081f792337d2b800ff14edafc167ed677690de7c5bdec3eaff956581f"}, {"id": "fresh-house-12", "kind": "house", "passed": false, "error": "ValueError: Invalid physical input events or frame duration", "binding_unchanged": true, "summary": "runs/house-door-teacher-qualification-v15/fresh-house-12/summary.json", "summary_sha256": "b37681521acd0092b1f4bd45ee7fa14347eb5acf9cd517adcdbef3f21c10b29e"}, {"id": "fresh-house-13", "kind": "house", "passed": false, "error": "ValueError: Invalid physical input events or frame duration", "binding_unchanged": true, "summary": "runs/house-door-teacher-qualification-v15/fresh-house-13/summary.json", "summary_sha256": "8dd54b5f7912a3fe1f9876d6caa77ce4817d46f92755c60ced20a38d3e4593d2"}, {"id": "fresh-house-14", "kind": "house", "passed": false, "error": "ValueError: Invalid physical input events or frame duration", "binding_unchanged": true, "summary": "runs/house-door-teacher-qualification-v15/fresh-house-14/summary.json", "summary_sha256": "c67372b3c37d45cb5088212273da30b70353c157fd2e2285ba93446a430dae45"}, {"id": "fresh-house-15", "kind": "house", "passed": false, "error": "ValueError: Invalid physical input events or frame duration", "binding_unchanged": true, "summary": "runs/house-door-teacher-qualification-v15/fresh-house-15/summary.json", "summary_sha256": "5e844a879a12a915d1ba9cd4aebcc5748053349b58e23ff09d44e1b8183a6c21"}], "house_passed": 12, "recovery_passed": 0, "training_eligible": false, "labels_generated": 0, "not_run": ["fresh-house-16", "fresh-house-17", "fresh-house-18", "fresh-house-19", "actual-half-heart-00", "actual-half-heart-01", "actual-half-heart-02", "actual-half-heart-03"]}
