UserWarning: Using SDL2 binaries from pysdl2-dll 2.32.10
Loaded layouts
QUALIFICATION CASE fresh-house-00
QUALIFICATION CASE fresh-house-01
QUALIFICATION CASE fresh-house-02
QUALIFICATION CASE fresh-house-03
{"id": "fresh-house-00", "kind": "house", "passed": true, "error": null, "binding_unchanged": true, "summary": "runs/house-door-teacher-qualification-v17/fresh-house-00/summary.json", "summary_sha256": "53ed4fd0a4ed16e245071e6739ea0577a7c40eed9d1a84a2f31e4898f2b99fd5"}
{"id": "fresh-house-01", "kind": "house", "passed": true, "error": null, "binding_unchanged": true, "summary": "runs/house-door-teacher-qualification-v17/fresh-house-01/summary.json", "summary_sha256": "067d3d8c4ca42bd74712264d61a929e7fa1069aeeb222c81e58de56eaa62a1d3"}
{"id": "fresh-house-02", "kind": "house", "passed": true, "error": null, "binding_unchanged": true, "summary": "runs/house-door-teacher-qualification-v17/fresh-house-02/summary.json", "summary_sha256": "251d487c54c83d2aac98b9ec2a9a1ce14a8766b502a06b6bfcd168ba1427fb74"}
{"id": "fresh-house-03", "kind": "house", "passed": true, "error": null, "binding_unchanged": true, "summary": "runs/house-door-teacher-qualification-v17/fresh-house-03/summary.json", "summary_sha256": "de5385bd12cf7ed75c19c83ceb145532e2e04da1339f3e37adc9227cc132878a"}
QUALIFICATION CASE fresh-house-04
QUALIFICATION CASE fresh-house-05
QUALIFICATION CASE fresh-house-06
QUALIFICATION CASE fresh-house-07
{"id": "fresh-house-04", "kind": "house", "passed": true, "error": null, "binding_unchanged": true, "summary": "runs/house-door-teacher-qualification-v17/fresh-house-04/summary.json", "summary_sha256": "d8a5bc298c2e875ddc1d26c5de6cfd4610dc3020e8289d8ec76e35e00e769c48"}
{"id": "fresh-house-05", "kind": "house", "passed": true, "error": null, "binding_unchanged": true, "summary": "runs/house-door-teacher-qualification-v17/fresh-house-05/summary.json", "summary_sha256": "efd58b8ca4a8ae0b4dd1571339b12c474f32283076cee22130cbb7585172b7d6"}
{"id": "fresh-house-06", "kind": "house", "passed": true, "error": null, "binding_unchanged": true, "summary": "runs/house-door-teacher-qualification-v17/fresh-house-06/summary.json", "summary_sha256": "628de7d2f6901a67309dedfbf1c49011fad3ab5b7ae30df6cf50a14fba4d7666"}
{"id": "fresh-house-07", "kind": "house", "passed": true, "error": null, "binding_unchanged": true, "summary": "runs/house-door-teacher-qualification-v17/fresh-house-07/summary.json", "summary_sha256": "224275a55a51d4c2d199a9020dd453261fa78b26cf5550c27ed07dc29e80447f"}
QUALIFICATION CASE fresh-house-08
QUALIFICATION CASE fresh-house-09
QUALIFICATION CASE fresh-house-10
QUALIFICATION CASE fresh-house-11
{"id": "fresh-house-08", "kind": "house", "passed": true, "error": null, "binding_unchanged": true, "summary": "runs/house-door-teacher-qualification-v17/fresh-house-08/summary.json", "summary_sha256": "859f3a2f8908cfa1a3ad2c06d5f54230b41289eb36fc20f8cf782a0d1139f8b6"}
{"id": "fresh-house-09", "kind": "house", "passed": true, "error": null, "binding_unchanged": true, "summary": "runs/house-door-teacher-qualification-v17/fresh-house-09/summary.json", "summary_sha256": "e7fa8d448fa2a2321a2d3f4d78b62b2e1f3d06dec49377c77f61bfc18094654b"}
{"id": "fresh-house-10", "kind": "house", "passed": false, "error": "RouteBlocker: Damage is still being applied; not a safe route state", "binding_unchanged": true, "summary": "runs/house-door-teacher-qualification-v17/fresh-house-10/summary.json", "summary_sha256": "5ceb3fe5467f00624319af18ae57b25456b63c22095f415b6bf15c8452d1fc12"}
{"id": "fresh-house-11", "kind": "house", "passed": true, "error": null, "binding_unchanged": true, "summary": "runs/house-door-teacher-qualification-v17/fresh-house-11/summary.json", "summary_sha256": "871c8909ef19b5338388ac1839845c4e88118f23b9299e9ffcd0c68c218e29c6"}
{"schema": "house-door-teacher-qualification-result-v1", "status": "rejected", "qualified": false, "candidate_binding_sha256": "0470115c3bc4f5e6b292af057149f6a4cbb94a8b89a1b100af3eceb4731355bd", "panel_sha256": "f224acd2aeb6fe4661d7b5cf57de0cb9e8993b2e57a16e331928dda701f38c01", "cases": [{"id": "fresh-house-00", "kind": "house", "passed": true, "error": null, "binding_unchanged": true, "summary": "runs/house-door-teacher-qualification-v17/fresh-house-00/summary.json", "summary_sha256": "53ed4fd0a4ed16e245071e6739ea0577a7c40eed9d1a84a2f31e4898f2b99fd5"}, {"id": "fresh-house-01", "kind": "house", "passed": true, "error": null, "binding_unchanged": true, "summary": "runs/house-door-teacher-qualification-v17/fresh-house-01/summary.json", "summary_sha256": "067d3d8c4ca42bd74712264d61a929e7fa1069aeeb222c81e58de56eaa62a1d3"}, {"id": "fresh-house-02", "kind": "house", "passed": true, "error": null, "binding_unchanged": true, "summary": "runs/house-door-teacher-qualification-v17/fresh-house-02/summary.json", "summary_sha256": "251d487c54c83d2aac98b9ec2a9a1ce14a8766b502a06b6bfcd168ba1427fb74"}, {"id": "fresh-house-03", "kind": "house", "passed": true, "error": null, "binding_unchanged": true, "summary": "runs/house-door-teacher-qualification-v17/fresh-house-03/summary.json", "summary_sha256": "de5385bd12cf7ed75c19c83ceb145532e2e04da1339f3e37adc9227cc132878a"}, {"id": "fresh-house-04", "kind": "house", "passed": true, "error": null, "binding_unchanged": true, "summary": "runs/house-door-teacher-qualification-v17/fresh-house-04/summary.json", "summary_sha256": "d8a5bc298c2e875ddc1d26c5de6cfd4610dc3020e8289d8ec76e35e00e769c48"}, {"id": "fresh-house-05", "kind": "house", "passed": true, "error": null, "binding_unchanged": true, "summary": "runs/house-door-teacher-qualification-v17/fresh-house-05/summary.json", "summary_sha256": "efd58b8ca4a8ae0b4dd1571339b12c474f32283076cee22130cbb7585172b7d6"}, {"id": "fresh-house-06", "kind": "house", "passed": true, "error": null, "binding_unchanged": true, "summary": "runs/house-door-teacher-qualification-v17/fresh-house-06/summary.json", "summary_sha256": "628de7d2f6901a67309dedfbf1c49011fad3ab5b7ae30df6cf50a14fba4d7666"}, {"id": "fresh-house-07", "kind": "house", "passed": true, "error": null, "binding_unchanged": true, "summary": "runs/house-door-teacher-qualification-v17/fresh-house-07/summary.json", "summary_sha256": "224275a55a51d4c2d199a9020dd453261fa78b26cf5550c27ed07dc29e80447f"}, {"id": "fresh-house-08", "kind": "house", "passed": true, "error": null, "binding_unchanged": true, "summary": "runs/house-door-teacher-qualification-v17/fresh-house-08/summary.json", "summary_sha256": "859f3a2f8908cfa1a3ad2c06d5f54230b41289eb36fc20f8cf782a0d1139f8b6"}, {"id": "fresh-house-09", "kind": "house", "passed": true, "error": null, "binding_unchanged": true, "summary": "runs/house-door-teacher-qualification-v17/fresh-house-09/summary.json", "summary_sha256": "e7fa8d448fa2a2321a2d3f4d78b62b2e1f3d06dec49377c77f61bfc18094654b"}, {"id": "fresh-house-10", "kind": "house", "passed": false, "error": "RouteBlocker: Damage is still being applied; not a safe route state", "binding_unchanged": true, "summary": "runs/house-door-teacher-qualification-v17/fresh-house-10/summary.json", "summary_sha256": "5ceb3fe5467f00624319af18ae57b25456b63c22095f415b6bf15c8452d1fc12"}, {"id": "fresh-house-11", "kind": "house", "passed": true, "error": null, "binding_unchanged": true, "summary": "runs/house-door-teacher-qualification-v17/fresh-house-11/summary.json", "summary_sha256": "871c8909ef19b5338388ac1839845c4e88118f23b9299e9ffcd0c68c218e29c6"}], "house_passed": 11, "recovery_passed": 0, "training_eligible": false, "labels_generated": 0, "not_run": ["fresh-house-12", "fresh-house-13", "fresh-house-14", "fresh-house-15", "fresh-house-16", "fresh-house-17", "fresh-house-18", "fresh-house-19", "actual-half-heart-00", "actual-half-heart-01", "actual-half-heart-02", "actual-half-heart-03"]}
