UserWarning: Using SDL2 binaries from pysdl2-dll 2.32.10
Loaded layouts
Teacher stage room15_cleared: frame=33326 health=24
Teacher stage compass_second_key: frame=36167 health=24
Teacher stage map: frame=37109 health=24
Teacher stage south_worm_entry: frame=37838 health=24
Teacher stage south_worm_passage: frame=38109 health=24
Teacher stage pushblock_entry: frame=38448 health=24
Teacher stage pushblock: frame=39495 health=24
Teacher stage beetles: frame=39883 health=24
Teacher stage underground: frame=40781 health=24
Teacher stage feather: frame=41835 health=24
Teacher stage feather_return: frame=42225 health=24
Teacher stage platform_return: frame=42668 health=24
Teacher stage main_return: frame=43753 health=24
Teacher stage third_key: frame=44618 health=24
Teacher stage boss_door: frame=48535 health=24
Fresh probe replay 0/15275
Fresh probe replay 2000/15275
Fresh probe replay 4000/15275
Fresh probe replay 6000/15275
Fresh probe replay 8000/15275
Fresh probe replay 10000/15275
Fresh probe replay 12000/15275
Fresh probe replay 14000/15275
FRESH HOUSE PROBE EXACT REPLAY VERIFIED
