UserWarning: Using SDL2 binaries from pysdl2-dll 2.32.10
Loaded layouts
Teacher stage room15_cleared: frame=34313 health=4
Teacher stage compass_second_key: frame=36807 health=4
Teacher stage map: frame=37825 health=4
Teacher stage south_worm_entry: frame=38645 health=4
Teacher stage south_worm_passage: frame=38862 health=4
Teacher stage pushblock_entry: frame=39218 health=4
Teacher stage pushblock: frame=40333 health=4
Teacher stage beetles: frame=40849 health=4
Teacher stage underground: frame=41772 health=4
Teacher stage feather: frame=42882 health=4
Teacher stage feather_return: frame=43328 health=24
Teacher stage platform_return: frame=43771 health=24
Teacher stage main_return: frame=44849 health=24
Teacher stage third_key: frame=46827 health=24
RouteBlocker: Damage is still being applied; not a safe route state
Fresh probe replay 0/15782
Fresh probe replay 2000/15782
Fresh probe replay 4000/15782
Fresh probe replay 6000/15782
Fresh probe replay 8000/15782
Fresh probe replay 10000/15782
Fresh probe replay 12000/15782
Fresh probe replay 14000/15782
FRESH HOUSE PROBE EXACT REPLAY VERIFIED
