UserWarning: Using SDL2 binaries from pysdl2-dll 2.32.10
Loaded layouts
Teacher stage room15_cleared: frame=36131 health=20
Teacher stage compass_second_key: frame=38455 health=20
Teacher stage map: frame=39457 health=20
Teacher stage south_worm_entry: frame=40191 health=20
Teacher stage south_worm_passage: frame=40363 health=20
Teacher stage pushblock_entry: frame=40703 health=20
Teacher stage pushblock: frame=41906 health=20
Teacher stage beetles: frame=42252 health=20
Teacher stage underground: frame=43150 health=20
Teacher stage feather: frame=44204 health=20
Teacher stage feather_return: frame=44594 health=24
Teacher stage platform_return: frame=45037 health=24
Teacher stage main_return: frame=46098 health=24
Teacher stage third_key: frame=46963 health=24
Teacher stage boss_door: frame=50831 health=24
Fresh probe replay 0/15616
Fresh probe replay 2000/15616
Fresh probe replay 4000/15616
Fresh probe replay 6000/15616
Fresh probe replay 8000/15616
Fresh probe replay 10000/15616
Fresh probe replay 12000/15616
Fresh probe replay 14000/15616
FRESH HOUSE PROBE EXACT REPLAY VERIFIED
