UserWarning: Using SDL2 binaries from pysdl2-dll 2.32.10
Loaded layouts
Teacher stage room15_cleared: frame=34883 health=20
Teacher stage compass_second_key: frame=37853 health=20
Teacher stage map: frame=38770 health=20
Teacher stage south_worm_entry: frame=39502 health=20
Teacher stage south_worm_passage: frame=39674 health=20
Teacher stage pushblock_entry: frame=40015 health=20
Teacher stage pushblock: frame=41370 health=20
Teacher stage beetles: frame=41712 health=20
Teacher stage underground: frame=42948 health=4
Teacher stage feather: frame=44058 health=4
Teacher stage feather_return: frame=44504 health=24
Teacher stage platform_return: frame=44947 health=24
Teacher stage main_return: frame=46077 health=24
Teacher stage third_key: frame=48331 health=24
Teacher stage boss_door: frame=54482 health=24
Fresh probe replay 0/19854
Fresh probe replay 2000/19854
Fresh probe replay 4000/19854
Fresh probe replay 6000/19854
Fresh probe replay 8000/19854
Fresh probe replay 10000/19854
Fresh probe replay 12000/19854
Fresh probe replay 14000/19854
Fresh probe replay 16000/19854
Fresh probe replay 18000/19854
FRESH HOUSE PROBE EXACT REPLAY VERIFIED
