UserWarning: Using SDL2 binaries from pysdl2-dll 2.32.10
Loaded layouts
Teacher stage room15_cleared: frame=34149 health=12
Teacher stage compass_second_key: frame=37154 health=12
Teacher stage map: frame=38060 health=12
Teacher stage south_worm_entry: frame=38782 health=12
Teacher stage south_worm_passage: frame=38989 health=12
Teacher stage pushblock_entry: frame=39329 health=12
Teacher stage pushblock: frame=40372 health=12
Teacher stage beetles: frame=40671 health=12
Teacher stage underground: frame=41727 health=4
Teacher stage feather: frame=42781 health=4
Teacher stage feather_return: frame=43187 health=24
Teacher stage platform_return: frame=43630 health=24
Teacher stage main_return: frame=44661 health=24
Teacher stage third_key: frame=45526 health=24
Teacher stage boss_door: frame=49398 health=24
Fresh probe replay 0/15282
Fresh probe replay 2000/15282
Fresh probe replay 4000/15282
Fresh probe replay 6000/15282
Fresh probe replay 8000/15282
Fresh probe replay 10000/15282
Fresh probe replay 12000/15282
Fresh probe replay 14000/15282
FRESH HOUSE PROBE EXACT REPLAY VERIFIED
