UserWarning: Using SDL2 binaries from pysdl2-dll 2.32.10
Loaded layouts
Teacher stage room15_cleared: frame=33903 health=24
Teacher stage compass_second_key: frame=36465 health=24
Teacher stage map: frame=37759 health=24
Teacher stage south_worm_entry: frame=38557 health=24
Teacher stage south_worm_passage: frame=38767 health=24
Teacher stage pushblock_entry: frame=39122 health=24
Teacher stage pushblock: frame=40551 health=24
Teacher stage beetles: frame=40962 health=24
Teacher stage underground: frame=41888 health=24
Teacher stage feather: frame=42998 health=24
Teacher stage feather_return: frame=43428 health=24
Teacher stage platform_return: frame=43871 health=24
Teacher stage main_return: frame=44998 health=24
Teacher stage third_key: frame=46240 health=24
Teacher stage boss_door: frame=52392 health=24
Fresh probe replay 0/19181
Fresh probe replay 2000/19181
Fresh probe replay 4000/19181
Fresh probe replay 6000/19181
Fresh probe replay 8000/19181
Fresh probe replay 10000/19181
Fresh probe replay 12000/19181
Fresh probe replay 14000/19181
Fresh probe replay 16000/19181
Fresh probe replay 18000/19181
FRESH HOUSE PROBE EXACT REPLAY VERIFIED
