UserWarning: Using SDL2 binaries from pysdl2-dll 2.32.10
Loaded layouts
Teacher stage room15_cleared: frame=33621 health=12
Teacher stage compass_second_key: frame=35939 health=12
Teacher stage map: frame=36914 health=20
Teacher stage south_worm_entry: frame=37650 health=20
Teacher stage south_worm_passage: frame=37839 health=20
Teacher stage pushblock_entry: frame=38180 health=20
Teacher stage pushblock: frame=39382 health=20
Teacher stage beetles: frame=39723 health=20
Teacher stage underground: frame=40622 health=20
Teacher stage feather: frame=41676 health=20
Teacher stage feather_return: frame=42066 health=24
Teacher stage platform_return: frame=42509 health=24
Teacher stage main_return: frame=43539 health=24
Teacher stage third_key: frame=44404 health=24
Teacher stage boss_door: frame=48280 health=24
Fresh probe replay 0/15542
Fresh probe replay 2000/15542
Fresh probe replay 4000/15542
Fresh probe replay 6000/15542
Fresh probe replay 8000/15542
Fresh probe replay 10000/15542
Fresh probe replay 12000/15542
Fresh probe replay 14000/15542
FRESH HOUSE PROBE EXACT REPLAY VERIFIED
