UserWarning: Using SDL2 binaries from pysdl2-dll 2.32.10
Loaded layouts
Teacher stage room15_cleared: frame=34883 health=20
Teacher stage compass_second_key: frame=37853 health=20
Teacher stage map: frame=38770 health=20
Teacher stage south_worm_entry: frame=39502 health=20
Teacher stage south_worm_passage: frame=39674 health=20
Teacher stage pushblock_entry: frame=40015 health=20
Teacher stage pushblock: frame=41377 health=20
Teacher stage beetles: frame=41711 health=20
Teacher stage underground: frame=42946 health=4
Teacher stage feather: frame=44056 health=4
Teacher stage feather_return: frame=44502 health=24
Teacher stage platform_return: frame=44945 health=24
Teacher stage main_return: frame=46068 health=24
Teacher stage third_key: frame=47218 health=24
Teacher stage boss_door: frame=52805 health=24
Fresh probe replay 0/18177
Fresh probe replay 2000/18177
Fresh probe replay 4000/18177
Fresh probe replay 6000/18177
Fresh probe replay 8000/18177
Fresh probe replay 10000/18177
Fresh probe replay 12000/18177
Fresh probe replay 14000/18177
Fresh probe replay 16000/18177
Fresh probe replay 18000/18177
FRESH HOUSE PROBE EXACT REPLAY VERIFIED
