UserWarning: Using SDL2 binaries from pysdl2-dll 2.32.10
Loaded layouts
Teacher stage room15_cleared: frame=34331 health=4
Teacher stage compass_second_key: frame=37931 health=4
Teacher stage map: frame=39012 health=12
Teacher stage south_worm_entry: frame=39832 health=12
Teacher stage south_worm_passage: frame=40087 health=12
Teacher stage pushblock_entry: frame=40443 health=12
Teacher stage pushblock: frame=41716 health=12
Teacher stage beetles: frame=42424 health=12
Teacher stage underground: frame=43347 health=12
Teacher stage feather: frame=44457 health=12
Teacher stage feather_return: frame=44887 health=24
Teacher stage platform_return: frame=45330 health=24
Teacher stage main_return: frame=46440 health=24
Teacher stage third_key: frame=48418 health=24
Teacher stage boss_door: frame=53564 health=24
Fresh probe replay 0/19081
Fresh probe replay 2000/19081
Fresh probe replay 4000/19081
Fresh probe replay 6000/19081
Fresh probe replay 8000/19081
Fresh probe replay 10000/19081
Fresh probe replay 12000/19081
Fresh probe replay 14000/19081
Fresh probe replay 16000/19081
Fresh probe replay 18000/19081
FRESH HOUSE PROBE EXACT REPLAY VERIFIED
