UserWarning: Using SDL2 binaries from pysdl2-dll 2.32.10
Loaded layouts
Teacher stage room15_cleared: frame=36131 health=20
Teacher stage compass_second_key: frame=38498 health=20
Teacher stage map: frame=39434 health=20
Teacher stage south_worm_entry: frame=40168 health=20
Teacher stage south_worm_passage: frame=40341 health=20
Teacher stage pushblock_entry: frame=40683 health=20
Teacher stage pushblock: frame=41885 health=20
Teacher stage beetles: frame=42241 health=20
Teacher stage underground: frame=43140 health=20
Teacher stage feather: frame=44194 health=20
Teacher stage feather_return: frame=44584 health=24
Teacher stage platform_return: frame=45027 health=24
Teacher stage main_return: frame=46055 health=24
Teacher stage third_key: frame=47841 health=24
Teacher stage boss_door: frame=51708 health=24
Fresh probe replay 0/16493
Fresh probe replay 2000/16493
Fresh probe replay 4000/16493
Fresh probe replay 6000/16493
Fresh probe replay 8000/16493
Fresh probe replay 10000/16493
Fresh probe replay 12000/16493
Fresh probe replay 14000/16493
Fresh probe replay 16000/16493
FRESH HOUSE PROBE EXACT REPLAY VERIFIED
