UserWarning: Using SDL2 binaries from pysdl2-dll 2.32.10
Loaded layouts
Teacher stage room15_cleared: frame=35645 health=24
Teacher stage compass_second_key: frame=37955 health=24
Teacher stage map: frame=38905 health=24
Teacher stage south_worm_entry: frame=39690 health=24
Teacher stage south_worm_passage: frame=39880 health=24
Teacher stage pushblock_entry: frame=40220 health=24
Teacher stage pushblock: frame=41425 health=24
Teacher stage beetles: frame=41722 health=24
Teacher stage underground: frame=42621 health=24
Teacher stage feather: frame=43675 health=24
Teacher stage feather_return: frame=44065 health=24
Teacher stage platform_return: frame=44508 health=24
Teacher stage main_return: frame=45554 health=24
Teacher stage third_key: frame=46420 health=24
Teacher stage boss_door: frame=50788 health=24
Fresh probe replay 0/15887
Fresh probe replay 2000/15887
Fresh probe replay 4000/15887
Fresh probe replay 6000/15887
Fresh probe replay 8000/15887
Fresh probe replay 10000/15887
Fresh probe replay 12000/15887
Fresh probe replay 14000/15887
FRESH HOUSE PROBE EXACT REPLAY VERIFIED
