UserWarning: Using SDL2 binaries from pysdl2-dll 2.32.10
Loaded layouts
Teacher stage room15_cleared: frame=34918 health=4
Teacher stage compass_second_key: frame=37410 health=4
Teacher stage map: frame=38731 health=12
Teacher stage south_worm_entry: frame=39550 health=12
Teacher stage south_worm_passage: frame=39782 health=20
Teacher stage pushblock_entry: frame=40137 health=20
Teacher stage pushblock: frame=41566 health=20
Teacher stage beetles: frame=42440 health=24
Teacher stage underground: frame=43363 health=24
Teacher stage feather: frame=44473 health=24
Teacher stage feather_return: frame=44903 health=24
Teacher stage platform_return: frame=45346 health=24
Teacher stage main_return: frame=46456 health=24
Teacher stage third_key: frame=47698 health=24
Teacher stage boss_door: frame=53290 health=24
Fresh probe replay 0/19639
Fresh probe replay 2000/19639
Fresh probe replay 4000/19639
Fresh probe replay 6000/19639
Fresh probe replay 8000/19639
Fresh probe replay 10000/19639
Fresh probe replay 12000/19639
Fresh probe replay 14000/19639
Fresh probe replay 16000/19639
Fresh probe replay 18000/19639
FRESH HOUSE PROBE EXACT REPLAY VERIFIED
