UserWarning: Using SDL2 binaries from pysdl2-dll 2.32.10
Loaded layouts
Teacher stage room15_cleared: frame=34311 health=24
Teacher stage compass_second_key: frame=36709 health=24
Teacher stage map: frame=37596 health=24
Teacher stage south_worm_entry: frame=38332 health=24
Teacher stage south_worm_passage: frame=38504 health=24
Teacher stage pushblock_entry: frame=38843 health=24
Teacher stage pushblock: frame=40358 health=24
Teacher stage beetles: frame=40666 health=24
Teacher stage underground: frame=41564 health=24
Teacher stage feather: frame=42618 health=24
Teacher stage feather_return: frame=43008 health=24
Teacher stage platform_return: frame=43451 health=24
Teacher stage main_return: frame=44556 health=24
Teacher stage third_key: frame=45604 health=24
Teacher stage boss_door: frame=49541 health=24
Fresh probe replay 0/16053
Fresh probe replay 2000/16053
Fresh probe replay 4000/16053
Fresh probe replay 6000/16053
Fresh probe replay 8000/16053
Fresh probe replay 10000/16053
Fresh probe replay 12000/16053
Fresh probe replay 14000/16053
Fresh probe replay 16000/16053
FRESH HOUSE PROBE EXACT REPLAY VERIFIED
