UserWarning: Using SDL2 binaries from pysdl2-dll 2.32.10
Loaded layouts
Teacher stage room15_cleared: frame=33465 health=24
Teacher stage compass_second_key: frame=36596 health=24
Teacher stage map: frame=37845 health=24
Teacher stage south_worm_entry: frame=38665 health=24
Teacher stage south_worm_passage: frame=38888 health=24
Teacher stage pushblock_entry: frame=39240 health=24
Teacher stage pushblock: frame=40355 health=24
Teacher stage beetles: frame=41294 health=24
Teacher stage underground: frame=42220 health=24
Teacher stage feather: frame=43330 health=24
Teacher stage feather_return: frame=43760 health=24
Teacher stage platform_return: frame=44203 health=24
Teacher stage main_return: frame=45349 health=24
Teacher stage third_key: frame=46315 health=24
Teacher stage boss_door: frame=51923 health=24
Fresh probe replay 0/18448
Fresh probe replay 2000/18448
Fresh probe replay 4000/18448
Fresh probe replay 6000/18448
Fresh probe replay 8000/18448
Fresh probe replay 10000/18448
Fresh probe replay 12000/18448
Fresh probe replay 14000/18448
Fresh probe replay 16000/18448
Fresh probe replay 18000/18448
FRESH HOUSE PROBE EXACT REPLAY VERIFIED
