UserWarning: Using SDL2 binaries from pysdl2-dll 2.32.10
Loaded layouts
Teacher stage room15_cleared: frame=34394 health=4
Teacher stage compass_second_key: frame=37242 health=4
Teacher stage map: frame=38201 health=4
Teacher stage south_worm_entry: frame=38931 health=4
Teacher stage south_worm_passage: frame=39103 health=4
Teacher stage pushblock_entry: frame=39444 health=4
Teacher stage pushblock: frame=40803 health=4
Teacher stage beetles: frame=41143 health=4
Teacher stage underground: frame=42042 health=4
Teacher stage feather: frame=43096 health=4
Teacher stage feather_return: frame=43503 health=24
Teacher stage platform_return: frame=43946 health=24
Teacher stage main_return: frame=45046 health=24
Teacher stage third_key: frame=45911 health=24
Teacher stage boss_door: frame=49785 health=24
Fresh probe replay 0/15661
Fresh probe replay 2000/15661
Fresh probe replay 4000/15661
Fresh probe replay 6000/15661
Fresh probe replay 8000/15661
Fresh probe replay 10000/15661
Fresh probe replay 12000/15661
Fresh probe replay 14000/15661
FRESH HOUSE PROBE EXACT REPLAY VERIFIED
