UserWarning: Using SDL2 binaries from pysdl2-dll 2.32.10
Loaded layouts
Teacher stage room15_cleared: frame=34478 health=20
Teacher stage compass_second_key: frame=37362 health=20
Teacher stage map: frame=38287 health=20
Teacher stage south_worm_entry: frame=39021 health=20
Teacher stage south_worm_passage: frame=39223 health=20
Teacher stage pushblock_entry: frame=39563 health=20
Teacher stage pushblock: frame=40765 health=20
Teacher stage beetles: frame=41194 health=20
Teacher stage underground: frame=42093 health=20
Teacher stage feather: frame=43147 health=20
Teacher stage feather_return: frame=43537 health=24
Teacher stage platform_return: frame=43980 health=24
Teacher stage main_return: frame=45122 health=24
Teacher stage third_key: frame=45988 health=24
Teacher stage boss_door: frame=49880 health=24
Fresh probe replay 0/15629
Fresh probe replay 2000/15629
Fresh probe replay 4000/15629
Fresh probe replay 6000/15629
Fresh probe replay 8000/15629
Fresh probe replay 10000/15629
Fresh probe replay 12000/15629
Fresh probe replay 14000/15629
FRESH HOUSE PROBE EXACT REPLAY VERIFIED
