UserWarning: Using SDL2 binaries from pysdl2-dll 2.32.10
Loaded layouts
Teacher stage room15_cleared: frame=34811 health=24
Teacher stage compass_second_key: frame=37713 health=24
Teacher stage map: frame=38589 health=24
Teacher stage south_worm_entry: frame=39308 health=24
Teacher stage south_worm_passage: frame=39480 health=24
Teacher stage pushblock_entry: frame=39820 health=24
Teacher stage pushblock: frame=41026 health=24
Teacher stage beetles: frame=41523 health=24
Teacher stage underground: frame=42422 health=24
Teacher stage feather: frame=43476 health=24
Teacher stage feather_return: frame=43866 health=24
Teacher stage platform_return: frame=44309 health=24
Teacher stage main_return: frame=45411 health=24
Teacher stage third_key: frame=47933 health=24
Teacher stage boss_door: frame=51816 health=24
Fresh probe replay 0/17214
Fresh probe replay 2000/17214
Fresh probe replay 4000/17214
Fresh probe replay 6000/17214
Fresh probe replay 8000/17214
Fresh probe replay 10000/17214
Fresh probe replay 12000/17214
Fresh probe replay 14000/17214
Fresh probe replay 16000/17214
FRESH HOUSE PROBE EXACT REPLAY VERIFIED
