UserWarning: Using SDL2 binaries from pysdl2-dll 2.32.10
Loaded layouts
Teacher stage room15_cleared: frame=34555 health=4
Teacher stage compass_second_key: frame=37390 health=4
Teacher stage map: frame=38342 health=4
Teacher stage south_worm_entry: frame=39076 health=4
Teacher stage south_worm_passage: frame=39248 health=4
Teacher stage pushblock_entry: frame=39588 health=4
Teacher stage pushblock: frame=40946 health=4
Teacher stage beetles: frame=41488 health=4
Teacher stage underground: frame=42386 health=4
Teacher stage feather: frame=43440 health=4
Teacher stage feather_return: frame=43847 health=24
Teacher stage platform_return: frame=44290 health=24
Teacher stage main_return: frame=45323 health=24
Teacher stage third_key: frame=46189 health=24
Teacher stage boss_door: frame=50056 health=24
Fresh probe replay 0/15754
Fresh probe replay 2000/15754
Fresh probe replay 4000/15754
Fresh probe replay 6000/15754
Fresh probe replay 8000/15754
Fresh probe replay 10000/15754
Fresh probe replay 12000/15754
Fresh probe replay 14000/15754
FRESH HOUSE PROBE EXACT REPLAY VERIFIED
