UserWarning: Using SDL2 binaries from pysdl2-dll 2.32.10
Loaded layouts
Teacher stage room15_cleared: frame=36220 health=16
Teacher stage compass_second_key: frame=38556 health=16
Teacher stage map: frame=39528 health=24
Teacher stage south_worm_entry: frame=40262 health=24
Teacher stage south_worm_passage: frame=40458 health=24
Teacher stage pushblock_entry: frame=40799 health=24
Teacher stage pushblock: frame=41845 health=24
Teacher stage beetles: frame=42186 health=24
Teacher stage underground: frame=43085 health=24
Teacher stage feather: frame=44139 health=24
Teacher stage feather_return: frame=44529 health=24
Teacher stage platform_return: frame=44972 health=24
Teacher stage main_return: frame=46057 health=24
Teacher stage third_key: frame=46922 health=24
Teacher stage boss_door: frame=50799 health=24
Fresh probe replay 0/15621
Fresh probe replay 2000/15621
Fresh probe replay 4000/15621
Fresh probe replay 6000/15621
Fresh probe replay 8000/15621
Fresh probe replay 10000/15621
Fresh probe replay 12000/15621
Fresh probe replay 14000/15621
FRESH HOUSE PROBE EXACT REPLAY VERIFIED
