UserWarning: Using SDL2 binaries from pysdl2-dll 2.32.10
Loaded layouts
Teacher stage room15_cleared: frame=33487 health=20
Teacher stage compass_second_key: frame=36110 health=20
Teacher stage map: frame=37483 health=20
Teacher stage south_worm_entry: frame=38213 health=20
Teacher stage south_worm_passage: frame=38395 health=20
Teacher stage pushblock_entry: frame=38736 health=20
Teacher stage pushblock: frame=39778 health=20
Teacher stage beetles: frame=40074 health=20
Teacher stage underground: frame=40972 health=20
Teacher stage feather: frame=42026 health=20
Teacher stage feather_return: frame=42416 health=24
Teacher stage platform_return: frame=42859 health=24
Teacher stage main_return: frame=43921 health=24
Teacher stage third_key: frame=44787 health=24
RouteBlocker: Damage is still being applied; not a safe route state
Fresh probe replay 0/14088
Fresh probe replay 2000/14088
Fresh probe replay 4000/14088
Fresh probe replay 6000/14088
Fresh probe replay 8000/14088
Fresh probe replay 10000/14088
Fresh probe replay 12000/14088
Fresh probe replay 14000/14088
FRESH HOUSE PROBE EXACT REPLAY VERIFIED
