UserWarning: Using SDL2 binaries from pysdl2-dll 2.32.10
Loaded layouts
Teacher stage room15_cleared: frame=34918 health=4
Teacher stage compass_second_key: frame=37410 health=4
Teacher stage map: frame=38731 health=12
Teacher stage south_worm_entry: frame=39552 health=12
Teacher stage south_worm_passage: frame=39798 health=12
Teacher stage pushblock_entry: frame=40149 health=12
Teacher stage pushblock: frame=41422 health=12
Teacher stage beetles: frame=42094 health=12
Teacher stage underground: frame=43017 health=12
Teacher stage feather: frame=44127 health=12
Teacher stage feather_return: frame=44557 health=24
Teacher stage platform_return: frame=45000 health=24
Teacher stage main_return: frame=46670 health=24
Teacher stage third_key: frame=48096 health=24
Teacher stage boss_door: frame=54247 health=24
Fresh probe replay 0/20120
Fresh probe replay 2000/20120
Fresh probe replay 4000/20120
Fresh probe replay 6000/20120
Fresh probe replay 8000/20120
Fresh probe replay 10000/20120
Fresh probe replay 12000/20120
Fresh probe replay 14000/20120
Fresh probe replay 16000/20120
Fresh probe replay 18000/20120
Fresh probe replay 20000/20120
FRESH HOUSE PROBE EXACT REPLAY VERIFIED
