UserWarning: Using SDL2 binaries from pysdl2-dll 2.32.10
Loaded layouts
Teacher stage room15_cleared: frame=34369 health=16
Teacher stage compass_second_key: frame=36869 health=16
Teacher stage map: frame=38252 health=16
Teacher stage south_worm_entry: frame=38968 health=16
Teacher stage south_worm_passage: frame=39159 health=16
Teacher stage pushblock_entry: frame=39499 health=16
Teacher stage pushblock: frame=40549 health=16
Teacher stage beetles: frame=40844 health=16
Teacher stage underground: frame=41743 health=16
Teacher stage feather: frame=42797 health=16
Teacher stage feather_return: frame=43187 health=24
Teacher stage platform_return: frame=43630 health=24
Teacher stage main_return: frame=44692 health=24
Teacher stage third_key: frame=46385 health=24
Teacher stage boss_door: frame=50260 health=24
Fresh probe replay 0/16299
Fresh probe replay 2000/16299
Fresh probe replay 4000/16299
Fresh probe replay 6000/16299
Fresh probe replay 8000/16299
Fresh probe replay 10000/16299
Fresh probe replay 12000/16299
Fresh probe replay 14000/16299
Fresh probe replay 16000/16299
FRESH HOUSE PROBE EXACT REPLAY VERIFIED
