test_full_means_actual_capacity (test_battle_ready_endpoint.BattleReadyTests.test_full_means_actual_capacity) ... ok
test_half_heart_rejected_before_door_input (test_battle_ready_endpoint.BattleReadyTests.test_half_heart_rejected_before_door_input) ... ok
test_health_must_remain_full_after_opening (test_battle_ready_endpoint.BattleReadyTests.test_health_must_remain_full_after_opening) ... ok
test_pending_heal_is_not_full_readiness (test_battle_ready_endpoint.BattleReadyTests.test_pending_heal_is_not_full_readiness) ... ok
test_success_reports_version_and_capacity (test_battle_ready_endpoint.BattleReadyTests.test_success_reports_version_and_capacity) ... ok
test_wrong_loadout_is_blocker (test_battle_ready_endpoint.BattleReadyTests.test_wrong_loadout_is_blocker) ... ok
test_wrong_room_precedes_other_state_reads (test_battle_ready_endpoint.BattleReadyTests.test_wrong_room_precedes_other_state_reads) ... ok
test_already_open_is_not_new_success (test_boss_door_endpoint.BossDoorEndpointTests.test_already_open_is_not_new_success) ... ok
test_crossing_into_boss_room_is_not_success (test_boss_door_endpoint.BossDoorEndpointTests.test_crossing_into_boss_room_is_not_success) ... ok
test_missing_key_rejected (test_boss_door_endpoint.BossDoorEndpointTests.test_missing_key_rejected) ... ok
test_opening_releases_movement_and_waits_for_animation (test_boss_door_endpoint.BossDoorEndpointTests.test_opening_releases_movement_and_waits_for_animation) ... ok
test_opening_that_never_settles_is_bounded_failure (test_boss_door_endpoint.BossDoorEndpointTests.test_opening_that_never_settles_is_bounded_failure) ... ok
test_pending_damage_is_not_a_safe_finish (test_boss_door_endpoint.BossDoorEndpointTests.test_pending_damage_is_not_a_safe_finish) ... ok
test_wrong_room_rejected_before_input (test_boss_door_endpoint.BossDoorEndpointTests.test_wrong_room_rejected_before_input) ... ok
test_buffered_damage_rejected_before_movement (test_boss_door_route.OnwardSafetyTests.test_buffered_damage_rejected_before_movement) ... ok
test_positive_health_during_fall_is_not_safe (test_boss_door_route.OnwardSafetyTests.test_positive_health_during_fall_is_not_safe) ... ok
test_wrong_room_precedes_spark_lookup (test_boss_door_route.OnwardSafetyTests.test_wrong_room_precedes_spark_lookup) ... ok
test_adam_updates_buttons_without_changing_any_movement_logits (test_button_only_training.ButtonOnlyTests.test_adam_updates_buttons_without_changing_any_movement_logits) ... ok
test_invariant_detects_movement_weight_change (test_button_only_training.ButtonOnlyTests.test_invariant_detects_movement_weight_change) ... ok
test_crystal_clear_requires_live_object_change (test_cave_navigation.CaveNavigationTests.test_crystal_clear_requires_live_object_change) ... ok
test_crystals_are_distinct_from_pushable_blocks (test_cave_navigation.CaveNavigationTests.test_crystals_are_distinct_from_pushable_blocks) ... ok
test_crystals_gate_block_planning (test_cave_navigation.CaveNavigationTests.test_crystals_gate_block_planning) ... ok
test_exit_search_opens_lane_and_never_repushes_a6 (test_cave_navigation.CaveNavigationTests.test_exit_search_opens_lane_and_never_repushes_a6) ... ok
test_push_duration_is_source_grounded (test_cave_navigation.CaveNavigationTests.test_push_duration_is_source_grounded) ... ok
test_push_only_accepts_cardinal_adjacent_cells (test_cave_navigation.CaveNavigationTests.test_push_only_accepts_cardinal_adjacent_cells) ... ok
test_push_requires_object_grid_change (test_cave_navigation.CaveNavigationTests.test_push_requires_object_grid_change) ... ok
test_toadstool_stone_room_uses_the_verified_two_push_order (test_cave_navigation.CaveNavigationTests.test_toadstool_stone_room_uses_the_verified_two_push_order) ... ok
test_warps_ignore_stale_categories (test_cave_navigation.CaveNavigationTests.test_warps_ignore_stale_categories) ... ok
test_observation_is_pure_and_actions_keep_same_clock (test_control_context.ContextTest.test_observation_is_pure_and_actions_keep_same_clock) ... ok
test_clean_success_kept_when_later_episode_dies (test_curation.CurationTest.test_clean_success_kept_when_later_episode_dies) ... ok
test_damage_in_guard_excludes_navigation_candidate (test_curation.CurationTest.test_damage_in_guard_excludes_navigation_candidate) ... ok
test_recovery_safe_and_censored_are_distinct (test_curation.CurationTest.test_recovery_safe_and_censored_are_distinct) ... ok
test_repeated_damage_and_lethal_hit (test_curation.CurationTest.test_repeated_damage_and_lethal_hit) ... ok
test_variants_share_cohort_and_split (test_curation.CurationTest.test_variants_share_cohort_and_split) ... ok
test_aborted_attempt_has_no_commit_marker (test_dataset.DatasetTest.test_aborted_attempt_has_no_commit_marker) ... ok
test_commit_marker_and_exclusive_episode_directory (test_dataset.DatasetTest.test_commit_marker_and_exclusive_episode_directory) ... ok
test_exact_observation_roundtrip_and_shape_guard (test_dataset.DatasetTest.test_exact_observation_roundtrip_and_shape_guard) ... ok
test_buffered_damage_rejected_before_movement (test_dungeon_items.ItemInterruptionTests.test_buffered_damage_rejected_before_movement) ... ok
test_chest_dialogue_without_inventory_grant_is_failure (test_dungeon_items.ItemInterruptionTests.test_chest_dialogue_without_inventory_grant_is_failure) ... ok
test_close_stalfos_guard_turns_toward_contact (test_dungeon_items.ItemInterruptionTests.test_close_stalfos_guard_turns_toward_contact) ... ok
test_falling_enemy_does_not_redirect_navigation_defense (test_dungeon_items.ItemInterruptionTests.test_falling_enemy_does_not_redirect_navigation_defense) ... ok
test_goomba_swing_waits_for_observed_facing (test_dungeon_items.ItemInterruptionTests.test_goomba_swing_waits_for_observed_facing) ... ok
test_pending_power_receipt_is_settled_before_done (test_dungeon_items.ItemInterruptionTests.test_pending_power_receipt_is_settled_before_done) ... ok
test_stalfos_approach_does_not_hold_retreat_trigger (test_dungeon_items.ItemInterruptionTests.test_stalfos_approach_does_not_hold_retreat_trigger) ... ok
test_sword_cooldown_is_not_a_blocked_map_walk (test_dungeon_items.ItemInterruptionTests.test_sword_cooldown_is_not_a_blocked_map_walk) ... ok
test_travel_settles_acorn_before_continuing_exit (test_dungeon_items.ItemInterruptionTests.test_travel_settles_acorn_before_continuing_exit) ... ok
test_hook_registration_failure_is_not_suppressed (test_environment_audit.EnvironmentAudit.test_hook_registration_failure_is_not_suppressed) ... ok
test_invalid_actions_and_failures_propagate (test_environment_audit.EnvironmentAudit.test_invalid_actions_and_failures_propagate) ... ok
test_neutral_observation_does_not_mutate_work_ram (test_environment_audit.EnvironmentAudit.test_neutral_observation_does_not_mutate_work_ram) ... ok
test_neutral_reset_replays_buttons_and_clears_step_counter (test_environment_audit.EnvironmentAudit.test_neutral_reset_replays_buttons_and_clears_step_counter) ... ok
test_neutral_transition_bytes_do_not_change_frame_budget (test_environment_audit.EnvironmentAudit.test_neutral_transition_bytes_do_not_change_frame_budget) ... ok
test_push_hook_lifecycle_during_repeated_real_hits (test_environment_audit.EnvironmentAudit.test_push_hook_lifecycle_during_repeated_real_hits) ... ok
test_real_transitions_and_projectile_combat_replay (test_environment_audit.EnvironmentAudit.test_real_transitions_and_projectile_combat_replay) ... ok
test_reproduction_reward_components_sum_to_scalar (test_environment_audit.EnvironmentAudit.test_reproduction_reward_components_sum_to_scalar) ... ok
test_reproduction_zero_health_is_death (test_environment_audit.EnvironmentAudit.test_reproduction_zero_health_is_death) ... ok
test_rom_revision_mismatch_is_rejected (test_environment_audit.EnvironmentAudit.test_rom_revision_mismatch_is_rejected) ... ok
test_sword_pickup_push_and_sword_hit_are_replayable (test_environment_audit.EnvironmentAudit.test_sword_pickup_push_and_sword_hit_are_replayable) ... ok
test_timeout_is_not_death_or_completion (test_environment_audit.EnvironmentAudit.test_timeout_is_not_death_or_completion) ... ok
test_toadstool_observation_is_valid (test_environment_audit.EnvironmentAudit.test_toadstool_observation_is_valid) ... ok
test_upstream_observation_refills_powder (test_environment_audit.EnvironmentAudit.test_upstream_observation_refills_powder) ... ok
test_upstream_script_grants_powder (test_environment_audit.EnvironmentAudit.test_upstream_script_grants_powder) ... ok
test_dead_destination_is_not_success (test_feather_approach.FeatherApproachContractTests.test_dead_destination_is_not_success) ... ok
test_missing_trap_is_blocker_before_input (test_feather_approach.FeatherApproachContractTests.test_missing_trap_is_blocker_before_input) ... ok
test_travel_rejects_unexpected_destination (test_feather_approach.FeatherApproachContractTests.test_travel_rejects_unexpected_destination) ... ok
test_walk_does_not_accept_coordinate_in_wrong_room (test_feather_approach.FeatherApproachContractTests.test_walk_does_not_accept_coordinate_in_wrong_room) ... ok
test_wrong_room_rejected_before_traps_or_inputs (test_feather_approach.FeatherApproachContractTests.test_wrong_room_rejected_before_traps_or_inputs) ... ok
test_healing_started_on_final_neutral_is_not_settled (test_feather_return.FeatherSettlementTests.test_healing_started_on_final_neutral_is_not_settled) ... ok
test_enemy_clear_at_higher_health_is_not_challenge (test_half_heart_setup.PhysicalHalfHeartTests.test_enemy_clear_at_higher_health_is_not_challenge) ... ok
test_pending_damage_cannot_undershoot_target (test_half_heart_setup.PhysicalHalfHeartTests.test_pending_damage_cannot_undershoot_target) ... ok
test_settled_four_health_is_required_for_completion (test_half_heart_setup.PhysicalHalfHeartTests.test_settled_four_health_is_required_for_completion) ... ok
test_epoch_resume_matches_uninterrupted_weights (test_navigation.NavigationTest.test_epoch_resume_matches_uninterrupted_weights) ... ok
test_goal_changes_input_without_mutating_observation (test_navigation.NavigationTest.test_goal_changes_input_without_mutating_observation) ... ok
test_goal_requires_correct_room_and_pixel_tolerance (test_navigation.NavigationTest.test_goal_requires_correct_room_and_pixel_tolerance) ... ok
test_sampling_does_not_alias_alternating_buttons (test_navigation.NavigationTest.test_sampling_does_not_alias_alternating_buttons) ... ok
test_shorter_suffix_wins_after_history_masking (test_navigation_focused.FocusedLabelTest.test_shorter_suffix_wins_after_history_masking) ... ok
test_margin_satisfied_has_no_penalty_or_gradient (test_navigation_margin.NavigationMarginTests.test_margin_satisfied_has_no_penalty_or_gradient) ... ok
test_violation_pushes_toward_demonstrated_action (test_navigation_margin.NavigationMarginTests.test_violation_pushes_toward_demonstrated_action) ... ok
test_gradient_moves_student_toward_frozen_parent (test_navigation_recovery.RecoveryLossTest.test_gradient_moves_student_toward_frozen_parent) ... ok
test_identical_predictions_have_zero_divergence (test_navigation_recovery.RecoveryLossTest.test_identical_predictions_have_zero_divergence) ... ok
test_legacy_checkpoint_has_no_specialists (test_navigation_specialists.NavigationSpecialistsTests.test_legacy_checkpoint_has_no_specialists) ... ok
test_self_contained_dispatch_matches_entire_final_goal (test_navigation_specialists.NavigationSpecialistsTests.test_self_contained_dispatch_matches_entire_final_goal) ... ok
test_health_loss_rejected_even_at_target_position (test_nightmare_key_route.NightmareRouteContracts.test_health_loss_rejected_even_at_target_position) ... ok
test_jump_rejects_wrong_equipment (test_nightmare_key_route.NightmareRouteContracts.test_jump_rejects_wrong_equipment) ... ok
test_lower_entry_cannot_satisfy_upper_entry_contract (test_nightmare_key_route.NightmareRouteContracts.test_lower_entry_cannot_satisfy_upper_entry_contract) ... ok
test_wrong_destination_fails_immediately (test_nightmare_key_route.NightmareRouteContracts.test_wrong_destination_fails_immediately) ... ok
test_wrong_room_before_inventory_or_route (test_nightmare_key_route.NightmareRouteContracts.test_wrong_room_before_inventory_or_route) ... ok
test_dialogue_dismissal_releases_controls_and_is_bounded (test_progression.JournalTests.test_dialogue_dismissal_releases_controls_and_is_bounded) ... ok
test_entry_requires_acquisition_opening_alive_and_settled (test_progression.JournalTests.test_entry_requires_acquisition_opening_alive_and_settled) ... ok
test_frame_damage_and_healing_do_not_cancel (test_progression.JournalTests.test_frame_damage_and_healing_do_not_cancel) ... ok
test_initial_success_is_rejected (test_progression.JournalTests.test_initial_success_is_rejected) ... ok
test_journal_roundtrip_and_directed_room_evidence (test_progression.JournalTests.test_journal_roundtrip_and_directed_room_evidence) ... ok
test_powder_distinguishes_toadstool_and_count (test_progression.JournalTests.test_powder_distinguishes_toadstool_and_count) ... ok
test_swaps_are_not_item_acquisition_and_dialogue_is_not_a_quote (test_progression.JournalTests.test_swaps_are_not_item_acquisition_and_dialogue_is_not_a_quote) ... ok
test_transient_and_dialogue_entry_cannot_complete (test_progression.JournalTests.test_transient_and_dialogue_entry_cannot_complete) ... ok
test_transition_wait_has_a_bound_and_no_input (test_progression.JournalTests.test_transition_wait_has_a_bound_and_no_input) ... ok
test_clocked_events_observe_each_frame_and_stop_at_budget (test_progression.LiveInterfaceTests.test_clocked_events_observe_each_frame_and_stop_at_budget) ... ok
test_clocked_events_replay_diagonal_hold_and_release (test_progression.LiveInterfaceTests.test_clocked_events_replay_diagonal_hold_and_release) ... ok
test_equip_skill_uses_observed_slots_and_has_missing_item_boundary (test_progression.LiveInterfaceTests.test_equip_skill_uses_observed_slots_and_has_missing_item_boundary) ... ok
test_invalid_commands_do_not_advance (test_progression.LiveInterfaceTests.test_invalid_commands_do_not_advance) ... ok
test_no_powder_grant_even_at_synthetic_witch_location (test_progression.LiveInterfaceTests.test_no_powder_grant_even_at_synthetic_witch_location) ... ok
test_physical_equipping_and_reset_clear_episode_state (test_progression.LiveInterfaceTests.test_physical_equipping_and_reset_clear_episode_state) ... ok
test_read_only_observations_depleted_powder_duplicates_and_key_one (test_progression.LiveInterfaceTests.test_read_only_observations_depleted_powder_duplicates_and_key_one) ... ok
test_room_delta_never_wraps_or_raises_keyerror (test_progression_contracts.ContractTests.test_room_delta_never_wraps_or_raises_keyerror) ... ok
test_transition_may_settle_before_contract_check (test_progression_contracts.ContractTests.test_transition_may_settle_before_contract_check) ... ok
test_wrong_room_fails_without_actions (test_progression_contracts.ContractTests.test_wrong_room_fails_without_actions) ... ok
test_duration_and_history_encoding (test_progression_dagger.ProgressionDaggerTests.test_duration_and_history_encoding) ... ok
test_focus_room_goals_follow_quest_state (test_progression_local_control.ProgressionLocalControlTests.test_focus_room_goals_follow_quest_state) ... ok
test_physical_command_labels (test_progression_local_control.ProgressionLocalControlTests.test_physical_command_labels) ... ok
test_death_and_dialogue_budget_stop_without_navigation (test_progression_planner.PlannerTests.test_death_and_dialogue_budget_stop_without_navigation) ... ok
test_goal_is_local_and_no_reverse_edge_is_invented (test_progression_planner.PlannerTests.test_goal_is_local_and_no_reverse_edge_is_invented) ... ok
test_memory_supplies_intermediate_observed_room (test_progression_planner.PlannerTests.test_memory_supplies_intermediate_observed_room) ... ok
test_narrow_crossing_target_does_not_finish_eight_pixels_early (test_progression_planner.PlannerTests.test_narrow_crossing_target_does_not_finish_eight_pixels_early) ... ok
test_reached_goal_advances_but_prefix_is_not_quest_success (test_progression_planner.PlannerTests.test_reached_goal_advances_but_prefix_is_not_quest_success) ... ok
test_shielded_crossing_aligns_lane_before_crossing (test_progression_planner.PlannerTests.test_shielded_crossing_aligns_lane_before_crossing) ... ok
test_shielded_crossing_requires_equipped_shield_and_adjacent_room (test_progression_planner.PlannerTests.test_shielded_crossing_requires_equipped_shield_and_adjacent_room) ... ok
test_stall_recovery_is_bounded_and_roundtrip_preserves_decisions (test_progression_planner.PlannerTests.test_stall_recovery_is_bounded_and_roundtrip_preserves_decisions) ... ok
test_terminal_success_is_retained_but_death_and_timeout_fail (test_progression_trace.TraceTerminalTests.test_terminal_success_is_retained_but_death_and_timeout_fail) ... ok
test_active_swing_releases (test_proximity_sword.ProximitySwordTests.test_active_swing_releases) ... ok
test_dialogue_and_other_item_are_unchanged (test_proximity_sword.ProximitySwordTests.test_dialogue_and_other_item_are_unchanged) ... ok
test_inactive_enemy_does_not_trigger_swing (test_proximity_sword.ProximitySwordTests.test_inactive_enemy_does_not_trigger_swing) ... ok
test_no_enemy_suppresses_only_button (test_proximity_sword.ProximitySwordTests.test_no_enemy_suppresses_only_button) ... ok
test_npc_does_not_trigger_swing (test_proximity_sword.ProximitySwordTests.test_npc_does_not_trigger_swing) ... ok
test_radius_boundary (test_proximity_sword.ProximitySwordTests.test_radius_boundary) ... ok
test_shutter_starting_on_final_step_prevents_premature_success (test_rolling_bones_spacing.CombatSettlementTests.test_shutter_starting_on_final_step_prevents_premature_success) ... ok
test_wrong_return_room_rejected_before_inventory_and_movement (test_rolling_bones_spacing.CombatSettlementTests.test_wrong_return_room_rejected_before_inventory_and_movement) ... ok
test_ignores_stationary_combat_away_from_y80 (test_room15_early_recovery.EarlyY80RecoveryTests.test_ignores_stationary_combat_away_from_y80) ... ok
test_intervenes_before_a_terminal_loop (test_room15_early_recovery.EarlyY80RecoveryTests.test_intervenes_before_a_terminal_loop) ... ok
test_diagnostic_collection_cannot_be_exported (test_room15_labels.LabelBoundaryTests.test_diagnostic_collection_cannot_be_exported) ... ok
test_failed_teacher_gate_blocks_export (test_room15_labels.LabelBoundaryTests.test_failed_teacher_gate_blocks_export) ... ok
test_failed_down_intent_is_distinct_from_stationary_combat (test_room15_model_v3.Room15TemporalFeatureTests.test_failed_down_intent_is_distinct_from_stationary_combat) ... ok
test_successful_intent_records_observed_displacement (test_room15_model_v3.Room15TemporalFeatureTests.test_successful_intent_records_observed_displacement) ... ok
test_diagonal_collision_from_development_trace (test_room15_recovery.ProjectileThreatTests.test_diagonal_collision_from_development_trace) ... ok
test_receding_and_missed_shots_do_not_interrupt (test_room15_recovery.ProjectileThreatTests.test_receding_and_missed_shots_do_not_interrupt) ... ok
test_signed_velocity (test_room15_recovery.ProjectileThreatTests.test_signed_velocity) ... ok
test_wall_height_and_bounded_recovery (test_room15_recovery.ProjectileThreatTests.test_wall_height_and_bounded_recovery) ... ok
test_corrupt_replay_is_rejected (test_room15_takeover.TakeoverTests.test_corrupt_replay_is_rejected) ... ok
test_nested_dialogue_wait_is_bounded_before_execution (test_room15_takeover.TakeoverTests.test_nested_dialogue_wait_is_bounded_before_execution) ... ok
test_oversize_wait_never_executes (test_room15_takeover.TakeoverTests.test_oversize_wait_never_executes) ... ok
test_second_takeover_is_rejected (test_room15_takeover.TakeoverTests.test_second_takeover_is_rejected) ... ok
test_wrong_room_does_not_invoke_teacher (test_room15_takeover.TakeoverTests.test_wrong_room_does_not_invoke_teacher) ... ok
test_death_precedes_goal_completion (test_route_progress.RouteProgressTest.test_death_precedes_goal_completion) ... ok
test_goal_reached_on_last_action_advances_and_resets_budget (test_route_progress.RouteProgressTest.test_goal_reached_on_last_action_advances_and_resets_budget) ... ok
test_later_goal_does_not_skip_current_goal (test_route_progress.RouteProgressTest.test_later_goal_does_not_skip_current_goal) ... ok
test_blocked_motion_breaks_commitment_and_state_roundtrips (test_skill_chain.SkillTest.test_blocked_motion_breaks_commitment_and_state_roundtrips) ... ok
test_damage_interrupts_motion_and_records_hazard (test_skill_chain.SkillTest.test_damage_interrupts_motion_and_records_hazard) ... ok
test_live_handoff_and_resume_on_both_sides (test_skill_chain.SkillTest.test_live_handoff_and_resume_on_both_sides) ... ok
test_success_handoff_and_exploration_budget (test_skill_chain.SkillTest.test_success_handoff_and_exploration_budget) ... ok
test_timeout_and_death_do_not_advance_planner (test_skill_chain.SkillTest.test_timeout_and_death_do_not_advance_planner) ... ok
test_optimizer_suffix_exact_and_corruption_rejected (test_supervised_resume.SupervisedResume.test_optimizer_suffix_exact_and_corruption_rejected) ... ok
test_scripted_start_requires_play_and_success_is_not_death (test_sword_curriculum.SwordCurriculum.test_scripted_start_requires_play_and_success_is_not_death) ... ok
test_approach_holds_shield (test_tail_cave_progression.GelTeacherTests.test_approach_holds_shield) ... ok
test_close_attack_faces_and_swings_in_one_command (test_tail_cave_progression.GelTeacherTests.test_close_attack_faces_and_swings_in_one_command) ... ok
test_wrong_room_blocks_before_movement (test_tail_cave_progression.GelTeacherTests.test_wrong_room_blocks_before_movement) ... ok
test_aligned_stance_pushes_toward_top_pit (test_tail_cave_teacher.BeetleTeacherTests.test_aligned_stance_pushes_toward_top_pit) ... ok
test_close_swing_is_a_three_command_sequence (test_tail_cave_teacher.BeetleTeacherTests.test_close_swing_is_a_three_command_sequence) ... ok
test_open_space_keeps_standard_teacher (test_tail_cave_teacher.BeetleTeacherTests.test_open_space_keeps_standard_teacher) ... ok
test_right_wall_pin_disengages_left_with_shield (test_tail_cave_teacher.BeetleTeacherTests.test_right_wall_pin_disengages_left_with_shield) ... ok
test_shields_while_approaching_stance (test_tail_cave_teacher.BeetleTeacherTests.test_shields_while_approaching_stance) ... ok
test_choice_is_deterministic_and_respects_rejected_exit (test_terrain_navigation.TerrainNavigationTests.test_choice_is_deterministic_and_respects_rejected_exit) ... ok
test_displaced_path_centring_does_not_cut_a_corner (test_terrain_navigation.TerrainNavigationTests.test_displaced_path_centring_does_not_cut_a_corner) ... ok
test_narrow_corridor_centres_x_before_forward_motion (test_terrain_navigation.TerrainNavigationTests.test_narrow_corridor_centres_x_before_forward_motion) ... ok
test_north_wall_cannot_become_a_candidate_exit (test_terrain_navigation.TerrainNavigationTests.test_north_wall_cannot_become_a_candidate_exit) ... ok
test_same_room_can_have_distinct_reachable_regions (test_terrain_navigation.TerrainNavigationTests.test_same_room_can_have_distinct_reachable_regions) ... ok
test_stairs_connect_separated_levels (test_terrain_navigation.TerrainNavigationTests.test_stairs_connect_separated_levels) ... ok
test_wall_ledge_pit_and_uncertain_tiles_are_not_paths (test_terrain_navigation.TerrainNavigationTests.test_wall_ledge_pit_and_uncertain_tiles_are_not_paths) ... ok
test_world_edges_do_not_wrap (test_terrain_navigation.TerrainNavigationTests.test_world_edges_do_not_wrap) ... ok
test_cannot_cut_and_active_swing (test_terrain_sword.TerrainSwordTests.test_cannot_cut_and_active_swing) ... ok
test_geometry_and_input_turn (test_terrain_sword.TerrainSwordTests.test_geometry_and_input_turn) ... ok
test_map_groups_and_physics (test_terrain_sword.TerrainSwordTests.test_map_groups_and_physics) ... ok
test_no_padding_wrap_or_unreachable_foliage (test_terrain_sword.TerrainSwordTests.test_no_padding_wrap_or_unreachable_foliage) ... ok
test_preserve_dialogue_items_movement_and_exit (test_terrain_sword.TerrainSwordTests.test_preserve_dialogue_items_movement_and_exit) ... ok
test_signed_motion_closest_approach_and_exclusions (test_terrain_sword.TerrainSwordTests.test_signed_motion_closest_approach_and_exclusions) ... ok
test_checkpoint_continuation_matches_uninterrupted_optimizer (test_transitions_resume.TransitionsAndResume.test_checkpoint_continuation_matches_uninterrupted_optimizer) ... ok
test_real_house_exit_and_scroll_keep_full_action_budget (test_transitions_resume.TransitionsAndResume.test_real_house_exit_and_scroll_keep_full_action_budget) ... ok
test_transient_idle_gap_does_not_commit_room (test_transitions_resume.TransitionsAndResume.test_transient_idle_gap_does_not_commit_room) ... ok
test_wait_is_bounded (test_transitions_resume.TransitionsAndResume.test_wait_is_bounded) ... ok
test_world_map_accepts_policy_buttons_and_exits (test_transitions_resume.TransitionsAndResume.test_world_map_accepts_policy_buttons_and_exits) ... ok
test_batch_and_single_features_match (test_tree_controller.TreeControllerTest.test_batch_and_single_features_match) ... ok
test_learns_both_sides_of_control_boundary (test_tree_controller.TreeControllerTest.test_learns_both_sides_of_control_boundary) ... ok
test_damage_keeps_event_position_and_never_assigns_enemy_cause (test_world_memory.MemoryTests.test_damage_keeps_event_position_and_never_assigns_enemy_cause) ... ok
test_directed_route_no_invented_return (test_world_memory.MemoryTests.test_directed_route_no_invented_return) ... ok
test_import_order_and_duplicate_import_do_not_change_memory (test_world_memory.MemoryTests.test_import_order_and_duplicate_import_do_not_change_memory) ... ok
test_inheritance_has_history_but_no_live_episode_state (test_world_memory.MemoryTests.test_inheritance_has_history_but_no_live_episode_state) ... ok
test_opposing_movement_observations_survive_without_wall_inference (test_world_memory.MemoryTests.test_opposing_movement_observations_survive_without_wall_inference) ... ok
test_roundtrip_reproduces_every_room_pair_query_and_evidence (test_world_memory.MemoryTests.test_roundtrip_reproduces_every_room_pair_query_and_evidence) ... ok
test_tampering_fails_before_import_changes_memory (test_world_memory.MemoryTests.test_tampering_fails_before_import_changes_memory) ... ok

----------------------------------------------------------------------
Ran 186 tests in 39.320s

OK
