UserWarning: Using SDL2 binaries from pysdl2-dll 2.32.10
Loaded layouts
Teacher stage room15_cleared: frame=34266 health=20
Teacher stage compass_second_key: frame=36585 health=20
Teacher stage map: frame=37610 health=20
Teacher stage south_worm_entry: frame=38342 health=20
Teacher stage south_worm_passage: frame=38514 health=20
Teacher stage pushblock_entry: frame=38855 health=20
Teacher stage pushblock: frame=40061 health=20
Teacher stage beetles: frame=40356 health=20
Teacher stage underground: frame=41255 health=20
Teacher stage feather: frame=42309 health=20
Teacher stage feather_return: frame=42699 health=24
Teacher stage platform_return: frame=43142 health=24
Teacher stage main_return: frame=44172 health=24
Teacher stage third_key: frame=45413 health=24
Teacher stage boss_door: frame=49289 health=24
Fresh probe replay 0/15975
Fresh probe replay 2000/15975
Fresh probe replay 4000/15975
Fresh probe replay 6000/15975
Fresh probe replay 8000/15975
Fresh probe replay 10000/15975
Fresh probe replay 12000/15975
Fresh probe replay 14000/15975
FRESH HOUSE PROBE EXACT REPLAY VERIFIED
