UserWarning: Using SDL2 binaries from pysdl2-dll 2.32.10
Loaded layouts
Teacher stage room15_cleared: frame=34241 health=12
Teacher stage compass_second_key: frame=37134 health=12
Teacher stage map: frame=38184 health=12
Teacher stage south_worm_entry: frame=38916 health=12
Teacher stage south_worm_passage: frame=39088 health=12
Teacher stage pushblock_entry: frame=39428 health=12
Teacher stage pushblock: frame=40790 health=12
Teacher stage beetles: frame=41135 health=12
Teacher stage underground: frame=42191 health=4
Teacher stage feather: frame=43245 health=4
Teacher stage feather_return: frame=43651 health=24
Teacher stage platform_return: frame=44094 health=24
Teacher stage main_return: frame=45119 health=24
Teacher stage third_key: frame=46167 health=24
Teacher stage boss_door: frame=50037 health=24
Fresh probe replay 0/16025
Fresh probe replay 2000/16025
Fresh probe replay 4000/16025
Fresh probe replay 6000/16025
Fresh probe replay 8000/16025
Fresh probe replay 10000/16025
Fresh probe replay 12000/16025
Fresh probe replay 14000/16025
Fresh probe replay 16000/16025
FRESH HOUSE PROBE EXACT REPLAY VERIFIED
