UserWarning: Using SDL2 binaries from pysdl2-dll 2.32.10
Loaded layouts
Teacher stage room15_cleared: frame=35217 health=12
Teacher stage compass_second_key: frame=37837 health=12
Teacher stage map: frame=38931 health=12
Teacher stage south_worm_entry: frame=40283 health=12
Teacher stage south_worm_passage: frame=40543 health=12
Teacher stage pushblock_entry: frame=40898 health=12
Teacher stage pushblock: frame=42319 health=12
Teacher stage beetles: frame=43208 health=12
Teacher stage underground: frame=44134 health=12
Teacher stage feather: frame=45244 health=12
Teacher stage feather_return: frame=45674 health=24
Teacher stage platform_return: frame=46117 health=24
Teacher stage main_return: frame=47258 health=24
Teacher stage third_key: frame=48962 health=24
Teacher stage boss_door: frame=55088 health=24
Fresh probe replay 0/20431
Fresh probe replay 2000/20431
Fresh probe replay 4000/20431
Fresh probe replay 6000/20431
Fresh probe replay 8000/20431
Fresh probe replay 10000/20431
Fresh probe replay 12000/20431
Fresh probe replay 14000/20431
Fresh probe replay 16000/20431
Fresh probe replay 18000/20431
Fresh probe replay 20000/20431
FRESH HOUSE PROBE EXACT REPLAY VERIFIED
