UserWarning: Using SDL2 binaries from pysdl2-dll 2.32.10
Loaded layouts
Teacher stage room15_cleared: frame=34168 health=12
Teacher stage compass_second_key: frame=37157 health=12
Teacher stage map: frame=38077 health=12
Teacher stage south_worm_entry: frame=38806 health=12
Teacher stage south_worm_passage: frame=38977 health=12
Teacher stage pushblock_entry: frame=39317 health=12
Teacher stage pushblock: frame=40365 health=12
Teacher stage beetles: frame=40730 health=12
Teacher stage underground: frame=41786 health=4
Teacher stage feather: frame=42840 health=4
Teacher stage feather_return: frame=43246 health=24
Teacher stage platform_return: frame=43689 health=24
RouteBlocker: Room0D guarded encounter budget exhausted
Fresh probe replay 0/12197
Fresh probe replay 2000/12197
Fresh probe replay 4000/12197
Fresh probe replay 6000/12197
Fresh probe replay 8000/12197
Fresh probe replay 10000/12197
Fresh probe replay 12000/12197
FRESH HOUSE PROBE EXACT REPLAY VERIFIED
