UserWarning: Using SDL2 binaries from pysdl2-dll 2.32.10
Loaded layouts
Teacher stage room15_cleared: frame=34482 health=20
Teacher stage compass_second_key: frame=37004 health=20
Teacher stage map: frame=38033 health=24
Teacher stage south_worm_entry: frame=39304 health=24
Teacher stage south_worm_passage: frame=39476 health=24
Teacher stage pushblock_entry: frame=39816 health=24
Teacher stage pushblock: frame=40864 health=24
Teacher stage beetles: frame=41160 health=24
Teacher stage underground: frame=42059 health=24
Teacher stage feather: frame=43113 health=24
Teacher stage feather_return: frame=43503 health=24
Teacher stage platform_return: frame=43946 health=24
Teacher stage main_return: frame=44976 health=24
Teacher stage third_key: frame=46761 health=24
Teacher stage boss_door: frame=50644 health=24
Fresh probe replay 0/16091
Fresh probe replay 2000/16091
Fresh probe replay 4000/16091
Fresh probe replay 6000/16091
Fresh probe replay 8000/16091
Fresh probe replay 10000/16091
Fresh probe replay 12000/16091
Fresh probe replay 14000/16091
Fresh probe replay 16000/16091
FRESH HOUSE PROBE EXACT REPLAY VERIFIED
