UserWarning: Using SDL2 binaries from pysdl2-dll 2.32.10
Loaded layouts
Teacher stage room15_cleared: frame=34266 health=20
Teacher stage compass_second_key: frame=36567 health=20
Teacher stage map: frame=37544 health=20
Teacher stage south_worm_entry: frame=38278 health=20
Teacher stage south_worm_passage: frame=38450 health=20
Teacher stage pushblock_entry: frame=38790 health=20
Teacher stage pushblock: frame=39992 health=20
Teacher stage beetles: frame=40329 health=20
Teacher stage underground: frame=41227 health=20
Teacher stage feather: frame=42281 health=20
Teacher stage feather_return: frame=42671 health=24
Teacher stage platform_return: frame=43114 health=24
Teacher stage main_return: frame=44176 health=24
Teacher stage third_key: frame=45042 health=24
Teacher stage boss_door: frame=48909 health=24
Fresh probe replay 0/15595
Fresh probe replay 2000/15595
Fresh probe replay 4000/15595
Fresh probe replay 6000/15595
Fresh probe replay 8000/15595
Fresh probe replay 10000/15595
Fresh probe replay 12000/15595
Fresh probe replay 14000/15595
FRESH HOUSE PROBE EXACT REPLAY VERIFIED
