UserWarning: Using SDL2 binaries from pysdl2-dll 2.32.10
Loaded layouts
Teacher stage room15_cleared: frame=34792 health=4
Teacher stage compass_second_key: frame=37644 health=4
Teacher stage map: frame=38564 health=4
Teacher stage south_worm_entry: frame=39298 health=4
Teacher stage south_worm_passage: frame=39465 health=4
Teacher stage pushblock_entry: frame=39806 health=4
Teacher stage pushblock: frame=41166 health=4
Teacher stage beetles: frame=41457 health=4
Teacher stage underground: frame=42356 health=4
Teacher stage feather: frame=43410 health=4
Teacher stage feather_return: frame=43817 health=24
Teacher stage platform_return: frame=44260 health=24
Teacher stage main_return: frame=45293 health=24
Teacher stage third_key: frame=46343 health=24
Teacher stage boss_door: frame=50223 health=24
Fresh probe replay 0/15560
Fresh probe replay 2000/15560
Fresh probe replay 4000/15560
Fresh probe replay 6000/15560
Fresh probe replay 8000/15560
Fresh probe replay 10000/15560
Fresh probe replay 12000/15560
Fresh probe replay 14000/15560
FRESH HOUSE PROBE EXACT REPLAY VERIFIED
