UserWarning: Using SDL2 binaries from pysdl2-dll 2.32.10
Loaded layouts
QUALIFICATION CASE fresh-house-00
QUALIFICATION CASE fresh-house-01
QUALIFICATION CASE fresh-house-02
QUALIFICATION CASE fresh-house-03
{"id": "fresh-house-00", "kind": "house", "passed": true, "error": null, "binding_unchanged": true, "summary": "runs/house-door-teacher-qualification-v26/fresh-house-00/summary.json", "summary_sha256": "20ebaab824e723280d423a60166bd496b80aa0284b46582e40dc019c7b688bfc"}
{"id": "fresh-house-01", "kind": "house", "passed": true, "error": null, "binding_unchanged": true, "summary": "runs/house-door-teacher-qualification-v26/fresh-house-01/summary.json", "summary_sha256": "cefc14c3c2d38f4b7f1df0d4ae673c895b793b9b551774f9c64d6f2e0eb8039f"}
{"id": "fresh-house-02", "kind": "house", "passed": true, "error": null, "binding_unchanged": true, "summary": "runs/house-door-teacher-qualification-v26/fresh-house-02/summary.json", "summary_sha256": "88d01c351f71d074b75cf30c9085e22cd34e78d80ba8baeb9610b86a485fd0e0"}
{"id": "fresh-house-03", "kind": "house", "passed": true, "error": null, "binding_unchanged": true, "summary": "runs/house-door-teacher-qualification-v26/fresh-house-03/summary.json", "summary_sha256": "6af33b4334b18d0224ce88a89dbc3a6ca6ea23b6898476af6c25de26b3f9025b"}
QUALIFICATION CASE fresh-house-04
QUALIFICATION CASE fresh-house-05
QUALIFICATION CASE fresh-house-06
QUALIFICATION CASE fresh-house-07
{"id": "fresh-house-04", "kind": "house", "passed": true, "error": null, "binding_unchanged": true, "summary": "runs/house-door-teacher-qualification-v26/fresh-house-04/summary.json", "summary_sha256": "7ee51182268713058409779d2a5edb228f7631535e192177bb6fec59aec1eb14"}
{"id": "fresh-house-05", "kind": "house", "passed": true, "error": null, "binding_unchanged": true, "summary": "runs/house-door-teacher-qualification-v26/fresh-house-05/summary.json", "summary_sha256": "75801f35a509dac7d4c36a05d2204b3178747e94b11c91422a6d8234f72b7a7e"}
{"id": "fresh-house-06", "kind": "house", "passed": true, "error": null, "binding_unchanged": true, "summary": "runs/house-door-teacher-qualification-v26/fresh-house-06/summary.json", "summary_sha256": "6cf0382bae58a895c062736080817cbf04793114b33680d62774d0bb3360be3b"}
{"id": "fresh-house-07", "kind": "house", "passed": true, "error": null, "binding_unchanged": true, "summary": "runs/house-door-teacher-qualification-v26/fresh-house-07/summary.json", "summary_sha256": "7a7f7b25749ed96f77fc8d50c28ff177bab11dd7b700ee4f50ad6994dd8737bf"}
QUALIFICATION CASE fresh-house-08
QUALIFICATION CASE fresh-house-09
QUALIFICATION CASE fresh-house-10
QUALIFICATION CASE fresh-house-11
{"id": "fresh-house-08", "kind": "house", "passed": true, "error": null, "binding_unchanged": true, "summary": "runs/house-door-teacher-qualification-v26/fresh-house-08/summary.json", "summary_sha256": "d649a467b7953e001d5c52877f132c0a63cf2473a41cdae170ab5ce79a3b7911"}
{"id": "fresh-house-09", "kind": "house", "passed": true, "error": null, "binding_unchanged": true, "summary": "runs/house-door-teacher-qualification-v26/fresh-house-09/summary.json", "summary_sha256": "f2bc679596cd19f24a6ae05e8df70c6cad93090923b430846534d5557febd89a"}
{"id": "fresh-house-10", "kind": "house", "passed": true, "error": null, "binding_unchanged": true, "summary": "runs/house-door-teacher-qualification-v26/fresh-house-10/summary.json", "summary_sha256": "a53c47d1b091076671f59ca41f6aab6fa1aa14368b00988e26463ebc66752aca"}
{"id": "fresh-house-11", "kind": "house", "passed": true, "error": null, "binding_unchanged": true, "summary": "runs/house-door-teacher-qualification-v26/fresh-house-11/summary.json", "summary_sha256": "0ad2ec3981546443bb31907903c75e859a63520d9b83b222ecb985ed7e3f3562"}
QUALIFICATION CASE fresh-house-12
QUALIFICATION CASE fresh-house-13
QUALIFICATION CASE fresh-house-14
QUALIFICATION CASE fresh-house-15
{"id": "fresh-house-12", "kind": "house", "passed": true, "error": null, "binding_unchanged": true, "summary": "runs/house-door-teacher-qualification-v26/fresh-house-12/summary.json", "summary_sha256": "57c8a2440fe33d52dc9d267cbd9fece38bbf850f171ae13139d227523ea22489"}
{"id": "fresh-house-13", "kind": "house", "passed": true, "error": null, "binding_unchanged": true, "summary": "runs/house-door-teacher-qualification-v26/fresh-house-13/summary.json", "summary_sha256": "36d8bcedae171325537d7c6ebb5d9dff3dac3462fd4139a5ba4718acfe0f1b1f"}
{"id": "fresh-house-14", "kind": "house", "passed": true, "error": null, "binding_unchanged": true, "summary": "runs/house-door-teacher-qualification-v26/fresh-house-14/summary.json", "summary_sha256": "c0d80c3f25804cabde3d74cf760f6295a629861a991404179b5f13572494546b"}
{"id": "fresh-house-15", "kind": "house", "passed": true, "error": null, "binding_unchanged": true, "summary": "runs/house-door-teacher-qualification-v26/fresh-house-15/summary.json", "summary_sha256": "b13413c02e4d275683e06922246dc6a141357aaa57b0f1582ad9a8268019e999"}
QUALIFICATION CASE fresh-house-16
QUALIFICATION CASE fresh-house-17
QUALIFICATION CASE fresh-house-18
QUALIFICATION CASE fresh-house-19
{"id": "fresh-house-16", "kind": "house", "passed": true, "error": null, "binding_unchanged": true, "summary": "runs/house-door-teacher-qualification-v26/fresh-house-16/summary.json", "summary_sha256": "7fef889e982e7881d39cc0bb5449179b9a9ee5cbd0f986252b4b162da8deec86"}
{"id": "fresh-house-17", "kind": "house", "passed": false, "error": "RouteBlocker: Room05 upper Gel clearance budget exhausted", "binding_unchanged": true, "summary": "runs/house-door-teacher-qualification-v26/fresh-house-17/summary.json", "summary_sha256": "90277409f1a0ef80f2fd539d400ccf849c3986b70566d77e20699d097f09ac10"}
{"id": "fresh-house-18", "kind": "house", "passed": true, "error": null, "binding_unchanged": true, "summary": "runs/house-door-teacher-qualification-v26/fresh-house-18/summary.json", "summary_sha256": "b04dcf8cfa0140571ba15c7b4bdde46dbc81d39209d8780f4a98cac243d51060"}
{"id": "fresh-house-19", "kind": "house", "passed": true, "error": null, "binding_unchanged": true, "summary": "runs/house-door-teacher-qualification-v26/fresh-house-19/summary.json", "summary_sha256": "3850e5be4084121033d84be05ea92f7931fda72c0d0b0aaa21d81e00f8e26689"}
{"schema": "house-door-teacher-qualification-result-v1", "status": "rejected", "qualified": false, "candidate_binding_sha256": "36a6409d0eb95634e2c7711e256116c4f73662b1a13fc41aca495b7beaa39a82", "panel_sha256": "f224acd2aeb6fe4661d7b5cf57de0cb9e8993b2e57a16e331928dda701f38c01", "cases": [{"id": "fresh-house-00", "kind": "house", "passed": true, "error": null, "binding_unchanged": true, "summary": "runs/house-door-teacher-qualification-v26/fresh-house-00/summary.json", "summary_sha256": "20ebaab824e723280d423a60166bd496b80aa0284b46582e40dc019c7b688bfc"}, {"id": "fresh-house-01", "kind": "house", "passed": true, "error": null, "binding_unchanged": true, "summary": "runs/house-door-teacher-qualification-v26/fresh-house-01/summary.json", "summary_sha256": "cefc14c3c2d38f4b7f1df0d4ae673c895b793b9b551774f9c64d6f2e0eb8039f"}, {"id": "fresh-house-02", "kind": "house", "passed": true, "error": null, "binding_unchanged": true, "summary": "runs/house-door-teacher-qualification-v26/fresh-house-02/summary.json", "summary_sha256": "88d01c351f71d074b75cf30c9085e22cd34e78d80ba8baeb9610b86a485fd0e0"}, {"id": "fresh-house-03", "kind": "house", "passed": true, "error": null, "binding_unchanged": true, "summary": "runs/house-door-teacher-qualification-v26/fresh-house-03/summary.json", "summary_sha256": "6af33b4334b18d0224ce88a89dbc3a6ca6ea23b6898476af6c25de26b3f9025b"}, {"id": "fresh-house-04", "kind": "house", "passed": true, "error": null, "binding_unchanged": true, "summary": "runs/house-door-teacher-qualification-v26/fresh-house-04/summary.json", "summary_sha256": "7ee51182268713058409779d2a5edb228f7631535e192177bb6fec59aec1eb14"}, {"id": "fresh-house-05", "kind": "house", "passed": true, "error": null, "binding_unchanged": true, "summary": "runs/house-door-teacher-qualification-v26/fresh-house-05/summary.json", "summary_sha256": "75801f35a509dac7d4c36a05d2204b3178747e94b11c91422a6d8234f72b7a7e"}, {"id": "fresh-house-06", "kind": "house", "passed": true, "error": null, "binding_unchanged": true, "summary": "runs/house-door-teacher-qualification-v26/fresh-house-06/summary.json", "summary_sha256": "6cf0382bae58a895c062736080817cbf04793114b33680d62774d0bb3360be3b"}, {"id": "fresh-house-07", "kind": "house", "passed": true, "error": null, "binding_unchanged": true, "summary": "runs/house-door-teacher-qualification-v26/fresh-house-07/summary.json", "summary_sha256": "7a7f7b25749ed96f77fc8d50c28ff177bab11dd7b700ee4f50ad6994dd8737bf"}, {"id": "fresh-house-08", "kind": "house", "passed": true, "error": null, "binding_unchanged": true, "summary": "runs/house-door-teacher-qualification-v26/fresh-house-08/summary.json", "summary_sha256": "d649a467b7953e001d5c52877f132c0a63cf2473a41cdae170ab5ce79a3b7911"}, {"id": "fresh-house-09", "kind": "house", "passed": true, "error": null, "binding_unchanged": true, "summary": "runs/house-door-teacher-qualification-v26/fresh-house-09/summary.json", "summary_sha256": "f2bc679596cd19f24a6ae05e8df70c6cad93090923b430846534d5557febd89a"}, {"id": "fresh-house-10", "kind": "house", "passed": true, "error": null, "binding_unchanged": true, "summary": "runs/house-door-teacher-qualification-v26/fresh-house-10/summary.json", "summary_sha256": "a53c47d1b091076671f59ca41f6aab6fa1aa14368b00988e26463ebc66752aca"}, {"id": "fresh-house-11", "kind": "house", "passed": true, "error": null, "binding_unchanged": true, "summary": "runs/house-door-teacher-qualification-v26/fresh-house-11/summary.json", "summary_sha256": "0ad2ec3981546443bb31907903c75e859a63520d9b83b222ecb985ed7e3f3562"}, {"id": "fresh-house-12", "kind": "house", "passed": true, "error": null, "binding_unchanged": true, "summary": "runs/house-door-teacher-qualification-v26/fresh-house-12/summary.json", "summary_sha256": "57c8a2440fe33d52dc9d267cbd9fece38bbf850f171ae13139d227523ea22489"}, {"id": "fresh-house-13", "kind": "house", "passed": true, "error": null, "binding_unchanged": true, "summary": "runs/house-door-teacher-qualification-v26/fresh-house-13/summary.json", "summary_sha256": "36d8bcedae171325537d7c6ebb5d9dff3dac3462fd4139a5ba4718acfe0f1b1f"}, {"id": "fresh-house-14", "kind": "house", "passed": true, "error": null, "binding_unchanged": true, "summary": "runs/house-door-teacher-qualification-v26/fresh-house-14/summary.json", "summary_sha256": "c0d80c3f25804cabde3d74cf760f6295a629861a991404179b5f13572494546b"}, {"id": "fresh-house-15", "kind": "house", "passed": true, "error": null, "binding_unchanged": true, "summary": "runs/house-door-teacher-qualification-v26/fresh-house-15/summary.json", "summary_sha256": "b13413c02e4d275683e06922246dc6a141357aaa57b0f1582ad9a8268019e999"}, {"id": "fresh-house-16", "kind": "house", "passed": true, "error": null, "binding_unchanged": true, "summary": "runs/house-door-teacher-qualification-v26/fresh-house-16/summary.json", "summary_sha256": "7fef889e982e7881d39cc0bb5449179b9a9ee5cbd0f986252b4b162da8deec86"}, {"id": "fresh-house-17", "kind": "house", "passed": false, "error": "RouteBlocker: Room05 upper Gel clearance budget exhausted", "binding_unchanged": true, "summary": "runs/house-door-teacher-qualification-v26/fresh-house-17/summary.json", "summary_sha256": "90277409f1a0ef80f2fd539d400ccf849c3986b70566d77e20699d097f09ac10"}, {"id": "fresh-house-18", "kind": "house", "passed": true, "error": null, "binding_unchanged": true, "summary": "runs/house-door-teacher-qualification-v26/fresh-house-18/summary.json", "summary_sha256": "b04dcf8cfa0140571ba15c7b4bdde46dbc81d39209d8780f4a98cac243d51060"}, {"id": "fresh-house-19", "kind": "house", "passed": true, "error": null, "binding_unchanged": true, "summary": "runs/house-door-teacher-qualification-v26/fresh-house-19/summary.json", "summary_sha256": "3850e5be4084121033d84be05ea92f7931fda72c0d0b0aaa21d81e00f8e26689"}], "house_passed": 19, "recovery_passed": 0, "training_eligible": false, "labels_generated": 0, "not_run": ["actual-half-heart-00", "actual-half-heart-01", "actual-half-heart-02", "actual-half-heart-03"]}
