UserWarning: Using SDL2 binaries from pysdl2-dll 2.32.10
Loaded layouts
QUALIFICATION CASE fresh-house-00
QUALIFICATION CASE fresh-house-01
QUALIFICATION CASE fresh-house-02
QUALIFICATION CASE fresh-house-03
{"id": "fresh-house-00", "kind": "house", "passed": true, "error": null, "binding_unchanged": true, "summary": "runs/house-door-teacher-qualification-v23/fresh-house-00/summary.json", "summary_sha256": "8e4ebdf12bf91216cad97d386ce0bf36f82c3304e0c9156e1ef8923ca8c57938"}
{"id": "fresh-house-01", "kind": "house", "passed": true, "error": null, "binding_unchanged": true, "summary": "runs/house-door-teacher-qualification-v23/fresh-house-01/summary.json", "summary_sha256": "b9bc7482d4fe5009e5972fb92697729589218fb44cec938e8564de23307db5f9"}
{"id": "fresh-house-02", "kind": "house", "passed": true, "error": null, "binding_unchanged": true, "summary": "runs/house-door-teacher-qualification-v23/fresh-house-02/summary.json", "summary_sha256": "557087c6bc58ada7f9ddbf69da778b236b177aab1666439acb37772b26d95dc5"}
{"id": "fresh-house-03", "kind": "house", "passed": true, "error": null, "binding_unchanged": true, "summary": "runs/house-door-teacher-qualification-v23/fresh-house-03/summary.json", "summary_sha256": "4788c5471f41ff420283fab42ec492305583585f0b7c3a6bfb1bfc2956fd8d82"}
QUALIFICATION CASE fresh-house-04
QUALIFICATION CASE fresh-house-05
QUALIFICATION CASE fresh-house-06
QUALIFICATION CASE fresh-house-07
{"id": "fresh-house-04", "kind": "house", "passed": true, "error": null, "binding_unchanged": true, "summary": "runs/house-door-teacher-qualification-v23/fresh-house-04/summary.json", "summary_sha256": "74d42f1d89b0e27459f9971beff551b8d771cb4d7a093ad7d8b757b0a8c10f75"}
{"id": "fresh-house-05", "kind": "house", "passed": true, "error": null, "binding_unchanged": true, "summary": "runs/house-door-teacher-qualification-v23/fresh-house-05/summary.json", "summary_sha256": "d531f7df9f072e4df0f399030c82ce4a459eeee8dcbccf752c7012f4c10e775f"}
{"id": "fresh-house-06", "kind": "house", "passed": true, "error": null, "binding_unchanged": true, "summary": "runs/house-door-teacher-qualification-v23/fresh-house-06/summary.json", "summary_sha256": "c61ddd7e9f74cd3794279044691271f65e778bcbdf751a7c23ad48e1b8c579ec"}
{"id": "fresh-house-07", "kind": "house", "passed": true, "error": null, "binding_unchanged": true, "summary": "runs/house-door-teacher-qualification-v23/fresh-house-07/summary.json", "summary_sha256": "0992d479116c621630968d4a8a3f61f6661faef14a58b00e90405c5eed41e27b"}
QUALIFICATION CASE fresh-house-08
QUALIFICATION CASE fresh-house-09
QUALIFICATION CASE fresh-house-10
QUALIFICATION CASE fresh-house-11
{"id": "fresh-house-08", "kind": "house", "passed": false, "error": "RuntimeError: Episode ended before the requested progression stage finished", "binding_unchanged": true, "summary": "runs/house-door-teacher-qualification-v23/fresh-house-08/summary.json", "summary_sha256": "bbda2379f10dde2b569f4432fa537937c2d67f473986437dd291ba13ff994f3e"}
{"id": "fresh-house-09", "kind": "house", "passed": false, "error": "RuntimeError: Entrance/crossing did not trigger from [0, 0, 112] toward [0, 0, 128]", "binding_unchanged": true, "summary": "runs/house-door-teacher-qualification-v23/fresh-house-09/summary.json", "summary_sha256": "cf64c578cd3999e6da9f19525eb48cec5ef0bc42b11d8e92d9582f0fb7b666cd"}
{"id": "fresh-house-10", "kind": "house", "passed": true, "error": null, "binding_unchanged": true, "summary": "runs/house-door-teacher-qualification-v23/fresh-house-10/summary.json", "summary_sha256": "48b5cfbbbfc02a7d873338e8c427aa37a87da7bb021483f7a7f3b9c5ddabf71c"}
{"id": "fresh-house-11", "kind": "house", "passed": true, "error": null, "binding_unchanged": true, "summary": "runs/house-door-teacher-qualification-v23/fresh-house-11/summary.json", "summary_sha256": "6dd31286f5696c7efd6f7502193564df4cbd9252ce8d8fc3de3a20d19aa2d154"}
{"schema": "house-door-teacher-qualification-result-v1", "status": "rejected", "qualified": false, "candidate_binding_sha256": "90b85988a84540e767386c659eb1a6859beab81b7ad644f91844756e16311c64", "panel_sha256": "f224acd2aeb6fe4661d7b5cf57de0cb9e8993b2e57a16e331928dda701f38c01", "cases": [{"id": "fresh-house-00", "kind": "house", "passed": true, "error": null, "binding_unchanged": true, "summary": "runs/house-door-teacher-qualification-v23/fresh-house-00/summary.json", "summary_sha256": "8e4ebdf12bf91216cad97d386ce0bf36f82c3304e0c9156e1ef8923ca8c57938"}, {"id": "fresh-house-01", "kind": "house", "passed": true, "error": null, "binding_unchanged": true, "summary": "runs/house-door-teacher-qualification-v23/fresh-house-01/summary.json", "summary_sha256": "b9bc7482d4fe5009e5972fb92697729589218fb44cec938e8564de23307db5f9"}, {"id": "fresh-house-02", "kind": "house", "passed": true, "error": null, "binding_unchanged": true, "summary": "runs/house-door-teacher-qualification-v23/fresh-house-02/summary.json", "summary_sha256": "557087c6bc58ada7f9ddbf69da778b236b177aab1666439acb37772b26d95dc5"}, {"id": "fresh-house-03", "kind": "house", "passed": true, "error": null, "binding_unchanged": true, "summary": "runs/house-door-teacher-qualification-v23/fresh-house-03/summary.json", "summary_sha256": "4788c5471f41ff420283fab42ec492305583585f0b7c3a6bfb1bfc2956fd8d82"}, {"id": "fresh-house-04", "kind": "house", "passed": true, "error": null, "binding_unchanged": true, "summary": "runs/house-door-teacher-qualification-v23/fresh-house-04/summary.json", "summary_sha256": "74d42f1d89b0e27459f9971beff551b8d771cb4d7a093ad7d8b757b0a8c10f75"}, {"id": "fresh-house-05", "kind": "house", "passed": true, "error": null, "binding_unchanged": true, "summary": "runs/house-door-teacher-qualification-v23/fresh-house-05/summary.json", "summary_sha256": "d531f7df9f072e4df0f399030c82ce4a459eeee8dcbccf752c7012f4c10e775f"}, {"id": "fresh-house-06", "kind": "house", "passed": true, "error": null, "binding_unchanged": true, "summary": "runs/house-door-teacher-qualification-v23/fresh-house-06/summary.json", "summary_sha256": "c61ddd7e9f74cd3794279044691271f65e778bcbdf751a7c23ad48e1b8c579ec"}, {"id": "fresh-house-07", "kind": "house", "passed": true, "error": null, "binding_unchanged": true, "summary": "runs/house-door-teacher-qualification-v23/fresh-house-07/summary.json", "summary_sha256": "0992d479116c621630968d4a8a3f61f6661faef14a58b00e90405c5eed41e27b"}, {"id": "fresh-house-08", "kind": "house", "passed": false, "error": "RuntimeError: Episode ended before the requested progression stage finished", "binding_unchanged": true, "summary": "runs/house-door-teacher-qualification-v23/fresh-house-08/summary.json", "summary_sha256": "bbda2379f10dde2b569f4432fa537937c2d67f473986437dd291ba13ff994f3e"}, {"id": "fresh-house-09", "kind": "house", "passed": false, "error": "RuntimeError: Entrance/crossing did not trigger from [0, 0, 112] toward [0, 0, 128]", "binding_unchanged": true, "summary": "runs/house-door-teacher-qualification-v23/fresh-house-09/summary.json", "summary_sha256": "cf64c578cd3999e6da9f19525eb48cec5ef0bc42b11d8e92d9582f0fb7b666cd"}, {"id": "fresh-house-10", "kind": "house", "passed": true, "error": null, "binding_unchanged": true, "summary": "runs/house-door-teacher-qualification-v23/fresh-house-10/summary.json", "summary_sha256": "48b5cfbbbfc02a7d873338e8c427aa37a87da7bb021483f7a7f3b9c5ddabf71c"}, {"id": "fresh-house-11", "kind": "house", "passed": true, "error": null, "binding_unchanged": true, "summary": "runs/house-door-teacher-qualification-v23/fresh-house-11/summary.json", "summary_sha256": "6dd31286f5696c7efd6f7502193564df4cbd9252ce8d8fc3de3a20d19aa2d154"}], "house_passed": 10, "recovery_passed": 0, "training_eligible": false, "labels_generated": 0, "not_run": ["fresh-house-12", "fresh-house-13", "fresh-house-14", "fresh-house-15", "fresh-house-16", "fresh-house-17", "fresh-house-18", "fresh-house-19", "actual-half-heart-00", "actual-half-heart-01", "actual-half-heart-02", "actual-half-heart-03"]}
