UserWarning: Using SDL2 binaries from pysdl2-dll 2.32.10
Loaded layouts
QUALIFICATION CASE fresh-house-00
QUALIFICATION CASE fresh-house-01
QUALIFICATION CASE fresh-house-02
QUALIFICATION CASE fresh-house-03
{"id": "fresh-house-00", "kind": "house", "passed": true, "error": null, "binding_unchanged": true, "summary": "runs/house-door-teacher-qualification-v25/fresh-house-00/summary.json", "summary_sha256": "19b52f738084024be3bf1a42c902d5527f0d9981050a10df002c661f8cc581c9"}
{"id": "fresh-house-01", "kind": "house", "passed": true, "error": null, "binding_unchanged": true, "summary": "runs/house-door-teacher-qualification-v25/fresh-house-01/summary.json", "summary_sha256": "662521c115bdb6c95c1d00d6a0928d6eab4663e3a2e931813c26449e5f47cea4"}
{"id": "fresh-house-02", "kind": "house", "passed": true, "error": null, "binding_unchanged": true, "summary": "runs/house-door-teacher-qualification-v25/fresh-house-02/summary.json", "summary_sha256": "333f8a7dca78de7a56ea80a562233f84062a6733451ab7723a87e46166aa64af"}
{"id": "fresh-house-03", "kind": "house", "passed": true, "error": null, "binding_unchanged": true, "summary": "runs/house-door-teacher-qualification-v25/fresh-house-03/summary.json", "summary_sha256": "f3424261d4edb2cfba48f2a8b24f8631692c79354fffc3cc71ac7eae02339285"}
QUALIFICATION CASE fresh-house-04
QUALIFICATION CASE fresh-house-05
QUALIFICATION CASE fresh-house-06
QUALIFICATION CASE fresh-house-07
{"id": "fresh-house-04", "kind": "house", "passed": true, "error": null, "binding_unchanged": true, "summary": "runs/house-door-teacher-qualification-v25/fresh-house-04/summary.json", "summary_sha256": "f3c3ff8d2b01c1cc267bd096e9cba57d47a3502d6da0748245b8fb1a7ac563ca"}
{"id": "fresh-house-05", "kind": "house", "passed": true, "error": null, "binding_unchanged": true, "summary": "runs/house-door-teacher-qualification-v25/fresh-house-05/summary.json", "summary_sha256": "7716709025dcbd57c1e328427b2177e103df834967816fd2c3e1d94bf2163512"}
{"id": "fresh-house-06", "kind": "house", "passed": true, "error": null, "binding_unchanged": true, "summary": "runs/house-door-teacher-qualification-v25/fresh-house-06/summary.json", "summary_sha256": "60579cccd787c8ef54955c5090470e55708e0399dec8941ff67fe9af64298b77"}
{"id": "fresh-house-07", "kind": "house", "passed": true, "error": null, "binding_unchanged": true, "summary": "runs/house-door-teacher-qualification-v25/fresh-house-07/summary.json", "summary_sha256": "57468c42906a4cbaf2960dca7dd2c5f1df0f7e7c1c5f2be0173e5bc200dd81a2"}
QUALIFICATION CASE fresh-house-08
QUALIFICATION CASE fresh-house-09
QUALIFICATION CASE fresh-house-10
QUALIFICATION CASE fresh-house-11
{"id": "fresh-house-08", "kind": "house", "passed": true, "error": null, "binding_unchanged": true, "summary": "runs/house-door-teacher-qualification-v25/fresh-house-08/summary.json", "summary_sha256": "b5bbd7d72d43ac04e0ac3fb292f06340002a3da59a247e15d7a3899970ed7dac"}
{"id": "fresh-house-09", "kind": "house", "passed": false, "error": "RouteBlocker: Expected playable room 07; got dialogue", "binding_unchanged": true, "summary": "runs/house-door-teacher-qualification-v25/fresh-house-09/summary.json", "summary_sha256": "0c334daba9ce9f4e9f3c8e8a0400dde6297d2034f8e7eae61dbb29c01edfda59"}
{"id": "fresh-house-10", "kind": "house", "passed": true, "error": null, "binding_unchanged": true, "summary": "runs/house-door-teacher-qualification-v25/fresh-house-10/summary.json", "summary_sha256": "513e45a15cc2e363a0dd6b31c22416f7a07579d3b6a284a6d5c4bb234ac4e182"}
{"id": "fresh-house-11", "kind": "house", "passed": true, "error": null, "binding_unchanged": true, "summary": "runs/house-door-teacher-qualification-v25/fresh-house-11/summary.json", "summary_sha256": "bece6d50e6feaf372a74b221f7ebc53e4f4d4ba9738791bcca78bb2fa671704b"}
{"schema": "house-door-teacher-qualification-result-v1", "status": "rejected", "qualified": false, "candidate_binding_sha256": "ab1fe12d4e93555892b0c1a2a359f2c4fdc2b97acd4a4669d606029831938425", "panel_sha256": "f224acd2aeb6fe4661d7b5cf57de0cb9e8993b2e57a16e331928dda701f38c01", "cases": [{"id": "fresh-house-00", "kind": "house", "passed": true, "error": null, "binding_unchanged": true, "summary": "runs/house-door-teacher-qualification-v25/fresh-house-00/summary.json", "summary_sha256": "19b52f738084024be3bf1a42c902d5527f0d9981050a10df002c661f8cc581c9"}, {"id": "fresh-house-01", "kind": "house", "passed": true, "error": null, "binding_unchanged": true, "summary": "runs/house-door-teacher-qualification-v25/fresh-house-01/summary.json", "summary_sha256": "662521c115bdb6c95c1d00d6a0928d6eab4663e3a2e931813c26449e5f47cea4"}, {"id": "fresh-house-02", "kind": "house", "passed": true, "error": null, "binding_unchanged": true, "summary": "runs/house-door-teacher-qualification-v25/fresh-house-02/summary.json", "summary_sha256": "333f8a7dca78de7a56ea80a562233f84062a6733451ab7723a87e46166aa64af"}, {"id": "fresh-house-03", "kind": "house", "passed": true, "error": null, "binding_unchanged": true, "summary": "runs/house-door-teacher-qualification-v25/fresh-house-03/summary.json", "summary_sha256": "f3424261d4edb2cfba48f2a8b24f8631692c79354fffc3cc71ac7eae02339285"}, {"id": "fresh-house-04", "kind": "house", "passed": true, "error": null, "binding_unchanged": true, "summary": "runs/house-door-teacher-qualification-v25/fresh-house-04/summary.json", "summary_sha256": "f3c3ff8d2b01c1cc267bd096e9cba57d47a3502d6da0748245b8fb1a7ac563ca"}, {"id": "fresh-house-05", "kind": "house", "passed": true, "error": null, "binding_unchanged": true, "summary": "runs/house-door-teacher-qualification-v25/fresh-house-05/summary.json", "summary_sha256": "7716709025dcbd57c1e328427b2177e103df834967816fd2c3e1d94bf2163512"}, {"id": "fresh-house-06", "kind": "house", "passed": true, "error": null, "binding_unchanged": true, "summary": "runs/house-door-teacher-qualification-v25/fresh-house-06/summary.json", "summary_sha256": "60579cccd787c8ef54955c5090470e55708e0399dec8941ff67fe9af64298b77"}, {"id": "fresh-house-07", "kind": "house", "passed": true, "error": null, "binding_unchanged": true, "summary": "runs/house-door-teacher-qualification-v25/fresh-house-07/summary.json", "summary_sha256": "57468c42906a4cbaf2960dca7dd2c5f1df0f7e7c1c5f2be0173e5bc200dd81a2"}, {"id": "fresh-house-08", "kind": "house", "passed": true, "error": null, "binding_unchanged": true, "summary": "runs/house-door-teacher-qualification-v25/fresh-house-08/summary.json", "summary_sha256": "b5bbd7d72d43ac04e0ac3fb292f06340002a3da59a247e15d7a3899970ed7dac"}, {"id": "fresh-house-09", "kind": "house", "passed": false, "error": "RouteBlocker: Expected playable room 07; got dialogue", "binding_unchanged": true, "summary": "runs/house-door-teacher-qualification-v25/fresh-house-09/summary.json", "summary_sha256": "0c334daba9ce9f4e9f3c8e8a0400dde6297d2034f8e7eae61dbb29c01edfda59"}, {"id": "fresh-house-10", "kind": "house", "passed": true, "error": null, "binding_unchanged": true, "summary": "runs/house-door-teacher-qualification-v25/fresh-house-10/summary.json", "summary_sha256": "513e45a15cc2e363a0dd6b31c22416f7a07579d3b6a284a6d5c4bb234ac4e182"}, {"id": "fresh-house-11", "kind": "house", "passed": true, "error": null, "binding_unchanged": true, "summary": "runs/house-door-teacher-qualification-v25/fresh-house-11/summary.json", "summary_sha256": "bece6d50e6feaf372a74b221f7ebc53e4f4d4ba9738791bcca78bb2fa671704b"}], "house_passed": 11, "recovery_passed": 0, "training_eligible": false, "labels_generated": 0, "not_run": ["fresh-house-12", "fresh-house-13", "fresh-house-14", "fresh-house-15", "fresh-house-16", "fresh-house-17", "fresh-house-18", "fresh-house-19", "actual-half-heart-00", "actual-half-heart-01", "actual-half-heart-02", "actual-half-heart-03"]}
