UserWarning: Using SDL2 binaries from pysdl2-dll 2.32.10
Loaded layouts
QUALIFICATION CASE fresh-house-00
QUALIFICATION CASE fresh-house-01
QUALIFICATION CASE fresh-house-02
QUALIFICATION CASE fresh-house-03
{"id": "fresh-house-00", "kind": "house", "passed": true, "error": null, "binding_unchanged": true, "summary": "runs/house-door-teacher-qualification-v24/fresh-house-00/summary.json", "summary_sha256": "dc3a7990bfe78e4a192824d0d231e8eb29c7d75ac9eccb393309686b27323220"}
{"id": "fresh-house-01", "kind": "house", "passed": true, "error": null, "binding_unchanged": true, "summary": "runs/house-door-teacher-qualification-v24/fresh-house-01/summary.json", "summary_sha256": "6df903f0f75ef078d24b81513f0f729c541f8a84834ab19a34681c6769a25767"}
{"id": "fresh-house-02", "kind": "house", "passed": true, "error": null, "binding_unchanged": true, "summary": "runs/house-door-teacher-qualification-v24/fresh-house-02/summary.json", "summary_sha256": "aa01d101bd966e2bfb66030bc5e23e32541317fd10958cb24c56fd0cc1595c46"}
{"id": "fresh-house-03", "kind": "house", "passed": true, "error": null, "binding_unchanged": true, "summary": "runs/house-door-teacher-qualification-v24/fresh-house-03/summary.json", "summary_sha256": "6da8ac562719efcb2c5ad389d38edfd96ffd979317b84bc9ed96c498007b48bb"}
QUALIFICATION CASE fresh-house-04
QUALIFICATION CASE fresh-house-05
QUALIFICATION CASE fresh-house-06
QUALIFICATION CASE fresh-house-07
{"id": "fresh-house-04", "kind": "house", "passed": true, "error": null, "binding_unchanged": true, "summary": "runs/house-door-teacher-qualification-v24/fresh-house-04/summary.json", "summary_sha256": "4cffeae9965fe7ec9adde5b67b16eb377dbb0fb866407b3e4ebe56cac0132396"}
{"id": "fresh-house-05", "kind": "house", "passed": true, "error": null, "binding_unchanged": true, "summary": "runs/house-door-teacher-qualification-v24/fresh-house-05/summary.json", "summary_sha256": "175e6c02b08ad8005678cbbe0e0a8ca7ef10090e284e4eab2fdc69bf057ecba4"}
{"id": "fresh-house-06", "kind": "house", "passed": true, "error": null, "binding_unchanged": true, "summary": "runs/house-door-teacher-qualification-v24/fresh-house-06/summary.json", "summary_sha256": "3269d770b5b85b41598645777385bd10b8871612815fcb05fcf027b631605c03"}
{"id": "fresh-house-07", "kind": "house", "passed": true, "error": null, "binding_unchanged": true, "summary": "runs/house-door-teacher-qualification-v24/fresh-house-07/summary.json", "summary_sha256": "195b04a078c1de19649802b447f5a327a6f541ed50eee77230fb553e2ec8cd26"}
QUALIFICATION CASE fresh-house-08
QUALIFICATION CASE fresh-house-09
QUALIFICATION CASE fresh-house-10
QUALIFICATION CASE fresh-house-11
{"id": "fresh-house-08", "kind": "house", "passed": true, "error": null, "binding_unchanged": true, "summary": "runs/house-door-teacher-qualification-v24/fresh-house-08/summary.json", "summary_sha256": "2479bab4fd6244d3778258e0a8767acb566e5d8420cd26a63bb8a82fe7cb9e00"}
{"id": "fresh-house-09", "kind": "house", "passed": true, "error": null, "binding_unchanged": true, "summary": "runs/house-door-teacher-qualification-v24/fresh-house-09/summary.json", "summary_sha256": "13b599568ec87d4a89bcbc214b6da25090bab03a23aff988b7b82d022cf36c58"}
{"id": "fresh-house-10", "kind": "house", "passed": true, "error": null, "binding_unchanged": true, "summary": "runs/house-door-teacher-qualification-v24/fresh-house-10/summary.json", "summary_sha256": "a374df5e4cf87bf8b0fb73ea06a12e5aa66e1caf32b8966313066db3f02bc4a2"}
{"id": "fresh-house-11", "kind": "house", "passed": true, "error": null, "binding_unchanged": true, "summary": "runs/house-door-teacher-qualification-v24/fresh-house-11/summary.json", "summary_sha256": "6dd31286f5696c7efd6f7502193564df4cbd9252ce8d8fc3de3a20d19aa2d154"}
QUALIFICATION CASE fresh-house-12
QUALIFICATION CASE fresh-house-13
QUALIFICATION CASE fresh-house-14
QUALIFICATION CASE fresh-house-15
{"id": "fresh-house-12", "kind": "house", "passed": true, "error": null, "binding_unchanged": true, "summary": "runs/house-door-teacher-qualification-v24/fresh-house-12/summary.json", "summary_sha256": "7ca0006718f434fbe2f73bcc0aefa18d322395428237ecaf194a22c14d815a53"}
{"id": "fresh-house-13", "kind": "house", "passed": false, "error": "RouteBlocker: Item route buffered damage or falling", "binding_unchanged": true, "summary": "runs/house-door-teacher-qualification-v24/fresh-house-13/summary.json", "summary_sha256": "adc2f72ab114b7b64c1fadb18b553f3decbac477fda7ec9ba43cafc594af04a3"}
{"id": "fresh-house-14", "kind": "house", "passed": false, "error": "RuntimeError: Room-15 teacher exhausted 512-decision budget at (92, 96); remaining targets=[{'slot': 1, 'type': 155, 'status': 5, 'state': 1, 'x': 87, 'y': 94}]", "binding_unchanged": true, "summary": "runs/house-door-teacher-qualification-v24/fresh-house-14/summary.json", "summary_sha256": "cd7319597ce2f38c043ae132f64dbca6e8cfde28c554d27ef83a638e7099d58e"}
{"id": "fresh-house-15", "kind": "house", "passed": true, "error": null, "binding_unchanged": true, "summary": "runs/house-door-teacher-qualification-v24/fresh-house-15/summary.json", "summary_sha256": "7fe5d281757edbe41ea219815e69483449e01a1b61997d38e7ec5780c22998e6"}
{"schema": "house-door-teacher-qualification-result-v1", "status": "rejected", "qualified": false, "candidate_binding_sha256": "22c995d829421070988683828547f730e4045848ff13ee8f92c0e734b6527cb8", "panel_sha256": "f224acd2aeb6fe4661d7b5cf57de0cb9e8993b2e57a16e331928dda701f38c01", "cases": [{"id": "fresh-house-00", "kind": "house", "passed": true, "error": null, "binding_unchanged": true, "summary": "runs/house-door-teacher-qualification-v24/fresh-house-00/summary.json", "summary_sha256": "dc3a7990bfe78e4a192824d0d231e8eb29c7d75ac9eccb393309686b27323220"}, {"id": "fresh-house-01", "kind": "house", "passed": true, "error": null, "binding_unchanged": true, "summary": "runs/house-door-teacher-qualification-v24/fresh-house-01/summary.json", "summary_sha256": "6df903f0f75ef078d24b81513f0f729c541f8a84834ab19a34681c6769a25767"}, {"id": "fresh-house-02", "kind": "house", "passed": true, "error": null, "binding_unchanged": true, "summary": "runs/house-door-teacher-qualification-v24/fresh-house-02/summary.json", "summary_sha256": "aa01d101bd966e2bfb66030bc5e23e32541317fd10958cb24c56fd0cc1595c46"}, {"id": "fresh-house-03", "kind": "house", "passed": true, "error": null, "binding_unchanged": true, "summary": "runs/house-door-teacher-qualification-v24/fresh-house-03/summary.json", "summary_sha256": "6da8ac562719efcb2c5ad389d38edfd96ffd979317b84bc9ed96c498007b48bb"}, {"id": "fresh-house-04", "kind": "house", "passed": true, "error": null, "binding_unchanged": true, "summary": "runs/house-door-teacher-qualification-v24/fresh-house-04/summary.json", "summary_sha256": "4cffeae9965fe7ec9adde5b67b16eb377dbb0fb866407b3e4ebe56cac0132396"}, {"id": "fresh-house-05", "kind": "house", "passed": true, "error": null, "binding_unchanged": true, "summary": "runs/house-door-teacher-qualification-v24/fresh-house-05/summary.json", "summary_sha256": "175e6c02b08ad8005678cbbe0e0a8ca7ef10090e284e4eab2fdc69bf057ecba4"}, {"id": "fresh-house-06", "kind": "house", "passed": true, "error": null, "binding_unchanged": true, "summary": "runs/house-door-teacher-qualification-v24/fresh-house-06/summary.json", "summary_sha256": "3269d770b5b85b41598645777385bd10b8871612815fcb05fcf027b631605c03"}, {"id": "fresh-house-07", "kind": "house", "passed": true, "error": null, "binding_unchanged": true, "summary": "runs/house-door-teacher-qualification-v24/fresh-house-07/summary.json", "summary_sha256": "195b04a078c1de19649802b447f5a327a6f541ed50eee77230fb553e2ec8cd26"}, {"id": "fresh-house-08", "kind": "house", "passed": true, "error": null, "binding_unchanged": true, "summary": "runs/house-door-teacher-qualification-v24/fresh-house-08/summary.json", "summary_sha256": "2479bab4fd6244d3778258e0a8767acb566e5d8420cd26a63bb8a82fe7cb9e00"}, {"id": "fresh-house-09", "kind": "house", "passed": true, "error": null, "binding_unchanged": true, "summary": "runs/house-door-teacher-qualification-v24/fresh-house-09/summary.json", "summary_sha256": "13b599568ec87d4a89bcbc214b6da25090bab03a23aff988b7b82d022cf36c58"}, {"id": "fresh-house-10", "kind": "house", "passed": true, "error": null, "binding_unchanged": true, "summary": "runs/house-door-teacher-qualification-v24/fresh-house-10/summary.json", "summary_sha256": "a374df5e4cf87bf8b0fb73ea06a12e5aa66e1caf32b8966313066db3f02bc4a2"}, {"id": "fresh-house-11", "kind": "house", "passed": true, "error": null, "binding_unchanged": true, "summary": "runs/house-door-teacher-qualification-v24/fresh-house-11/summary.json", "summary_sha256": "6dd31286f5696c7efd6f7502193564df4cbd9252ce8d8fc3de3a20d19aa2d154"}, {"id": "fresh-house-12", "kind": "house", "passed": true, "error": null, "binding_unchanged": true, "summary": "runs/house-door-teacher-qualification-v24/fresh-house-12/summary.json", "summary_sha256": "7ca0006718f434fbe2f73bcc0aefa18d322395428237ecaf194a22c14d815a53"}, {"id": "fresh-house-13", "kind": "house", "passed": false, "error": "RouteBlocker: Item route buffered damage or falling", "binding_unchanged": true, "summary": "runs/house-door-teacher-qualification-v24/fresh-house-13/summary.json", "summary_sha256": "adc2f72ab114b7b64c1fadb18b553f3decbac477fda7ec9ba43cafc594af04a3"}, {"id": "fresh-house-14", "kind": "house", "passed": false, "error": "RuntimeError: Room-15 teacher exhausted 512-decision budget at (92, 96); remaining targets=[{'slot': 1, 'type': 155, 'status': 5, 'state': 1, 'x': 87, 'y': 94}]", "binding_unchanged": true, "summary": "runs/house-door-teacher-qualification-v24/fresh-house-14/summary.json", "summary_sha256": "cd7319597ce2f38c043ae132f64dbca6e8cfde28c554d27ef83a638e7099d58e"}, {"id": "fresh-house-15", "kind": "house", "passed": true, "error": null, "binding_unchanged": true, "summary": "runs/house-door-teacher-qualification-v24/fresh-house-15/summary.json", "summary_sha256": "7fe5d281757edbe41ea219815e69483449e01a1b61997d38e7ec5780c22998e6"}], "house_passed": 14, "recovery_passed": 0, "training_eligible": false, "labels_generated": 0, "not_run": ["fresh-house-16", "fresh-house-17", "fresh-house-18", "fresh-house-19", "actual-half-heart-00", "actual-half-heart-01", "actual-half-heart-02", "actual-half-heart-03"]}
