Using Python 3.11.16 environment at: /Users/studio/Developer/GameBoyAgent-restore-house-to-boss-door-v1/.venv-restored
Resolved 45 packages in 510ms
Downloading sympy (6.0MiB)
Downloading tensorboard (5.2MiB)
Downloading fonttools (2.9MiB)
Downloading scipy (19.4MiB)
Downloading imageio-ffmpeg (20.1MiB)
Downloading pandas (9.5MiB)
Downloading numpy (13.3MiB)
Downloading pyarrow (29.8MiB)
Downloading grpcio (11.6MiB)
Downloading pillow (3.2MiB)
Downloading torch (56.9MiB)
Downloading networkx (2.0MiB)
Downloading matplotlib (8.8MiB)
Downloading pysdl2-dll (6.3MiB)
Downloading scikit-image (12.7MiB)
Downloading pygame (11.7MiB)
Downloading pyboy (16.0MiB)
 Downloaded networkx
 Downloaded fonttools
 Downloaded pillow
 Downloaded tensorboard
 Downloaded sympy
 Downloaded pysdl2-dll
 Downloaded matplotlib
 Downloaded pandas
 Downloaded grpcio
 Downloaded numpy
 Downloaded scipy
 Downloaded scikit-image
 Downloaded imageio-ffmpeg
 Downloaded pyarrow
 Downloaded pygame
 Downloaded pyboy
 Downloaded torch
Prepared 45 packages in 4.25s
Installed 45 packages in 242ms
 + absl-py==2.5.0
 + cloudpickle==3.1.2
 + contourpy==1.3.3
 + cycler==0.12.1
 + farama-notifications==0.0.6
 + filelock==3.32.6
 + fonttools==4.64.0
 + fsspec==2026.7.0
 + grpcio==1.83.1
 + gymnasium==0.29.1
 + imageio==2.37.4
 + imageio-ffmpeg==0.6.0
 + jinja2==3.1.6
 + kiwisolver==1.5.1
 + lazy-loader==0.5
 + markdown==3.10.3
 + markupsafe==3.0.3
 + matplotlib==3.11.1
 + mpmath==1.3.0
 + networkx==3.6.1
 + numpy==1.26.4
 + packaging==26.3
 + pandas==3.0.5
 + pillow==10.3.0
 + protobuf==7.36.1
 + psutil==7.0.0
 + pyarrow==21.0.0
 + pyboy==2.0.0
 + pygame==2.5.2
 + pyparsing==3.3.2
 + pysdl2==0.9.17
 + pysdl2-dll==2.32.10
 + python-dateutil==2.9.0.post0
 + scikit-image==0.23.1
 + scipy==1.17.1
 + setuptools==84.0.0
 + six==1.17.0
 + stable-baselines3==2.3.0
 + sympy==1.14.0
 + tensorboard==2.16.2
 + tensorboard-data-server==0.7.2
 + tifffile==2026.3.3
 + torch==2.2.2
 + typing-extensions==4.16.0
 + werkzeug==3.1.8
warning: `stable-baselines3==2.3.0` is yanked (reason: "Loading broken with PyTorch 1.13")
